Traceback (most recent call last):
  File "/tmp/loo291-check-mockups.py", line 17, in <module>
    frame.locator('[data-act=seltask][data-id=loo295]').first.click()
    ~~~~~~~~~~~~~~~~~~~~~~~~~~~~~~~~~~~~~~~~~~~~~~~~~~~~~~~~~~~~~~~^^
  File "/Users/jack/.cache/uv/archive-v0/chtMierP3DPnfDthH9fyg/lib/python3.14/site-packages/playwright/sync_api/_generated.py", line 18032, in click
    self._sync(
    ~~~~~~~~~~^
        self._impl_obj.click(
        ^^^^^^^^^^^^^^^^^^^^^
    ...<11 lines>...
        )
        ^
    )
    ^
  File "/Users/jack/.cache/uv/archive-v0/chtMierP3DPnfDthH9fyg/lib/python3.14/site-packages/playwright/_impl/_sync_base.py", line 115, in _sync
    return task.result()
           ~~~~~~~~~~~^^
  File "/Users/jack/.cache/uv/archive-v0/chtMierP3DPnfDthH9fyg/lib/python3.14/site-packages/playwright/_impl/_locator.py", line 165, in click
    return await self._frame._click(self._selector, strict=True, **params)
           ^^^^^^^^^^^^^^^^^^^^^^^^^^^^^^^^^^^^^^^^^^^^^^^^^^^^^^^^^^^^^^^
  File "/Users/jack/.cache/uv/archive-v0/chtMierP3DPnfDthH9fyg/lib/python3.14/site-packages/playwright/_impl/_frame.py", line 594, in _click
    await self._channel.send("click", self._timeout, locals_to_params(locals()))
  File "/Users/jack/.cache/uv/archive-v0/chtMierP3DPnfDthH9fyg/lib/python3.14/site-packages/playwright/_impl/_connection.py", line 76, in send
    return await self._connection.wrap_api_call(
           ^^^^^^^^^^^^^^^^^^^^^^^^^^^^^^^^^^^^^
    ...<3 lines>...
    )
    ^
  File "/Users/jack/.cache/uv/archive-v0/chtMierP3DPnfDthH9fyg/lib/python3.14/site-packages/playwright/_impl/_connection.py", line 632, in wrap_api_call
    raise rewrite_error(error, f"{parsed_st['apiName']}: {error}") from None
playwright._impl._errors.TimeoutError: Locator.click: Timeout 30000ms exceeded.
Call log:
  - waiting for locator("[data-frame=c] iframe").content_frame.locator("[data-act=seltask][data-id=loo295]").first
    - locator resolved to <button class="label" data-id="loo295" data-act="seltask" title="Reliable local development · LOO-295 · Upcoming">…</button>
  - attempting click action
    - waiting for element to be visible, enabled and stable
    - element is visible, enabled and stable
    - scrolling into view if needed
    - done scrolling
    - <div class="stage">…</div> from <main>…</main> subtree intercepts pointer events
  - retrying click action
    - waiting for element to be visible, enabled and stable
    - element is visible, enabled and stable
    - scrolling into view if needed
    - done scrolling
    - <main class="stage" aria-label="Interactive design mockups">…</main> intercepts pointer events
  - retrying click action
    - waiting 20ms
    2 × waiting for element to be visible, enabled and stable
      - element is visible, enabled and stable
      - scrolling into view if needed
      - done scrolling
      - <div class="stage">…</div> from <main>…</main> subtree intercepts pointer events
    - retrying click action
      - waiting 100ms
    14 × waiting for element to be visible, enabled and stable
       - element is visible, enabled and stable
       - scrolling into view if needed
       - done scrolling
       - <div class="stage">…</div> from <main>…</main> subtree intercepts pointer events
     - retrying click action
       - waiting 500ms
       - waiting for element to be visible, enabled and stable
       - element is visible, enabled and stable
       - scrolling into view if needed
       - done scrolling
       - <main class="stage" aria-label="Interactive design mockups">…</main> intercepts pointer events
     - retrying click action
       - waiting 500ms
       - waiting for element to be visible, enabled and stable
       - element is visible, enabled and stable
       - scrolling into view if needed
       - done scrolling
       - <div class="stage">…</div> from <main>…</main> subtree intercepts pointer events
     - retrying click action
       - waiting 500ms
       - waiting for element to be visible, enabled and stable
       - element is visible, enabled and stable
       - scrolling into view if needed
       - done scrolling
       - <div class="stage">…</div> from <main>…</main> subtree intercepts pointer events
     - retrying click action
       - waiting 500ms
    - waiting for element to be visible, enabled and stable
    - element is visible, enabled and stable
    - scrolling into view if needed
    - done scrolling
    - <div class="stage">…</div> from <main>…</main> subtree intercepts pointer events
  - retrying click action
    - waiting 500ms

