    Checking cfg-if v1.0.4
    Checking memchr v2.8.0
    Checking once_cell v1.21.4
    Checking pin-project-lite v0.2.17
    Checking typenum v1.20.1
    Checking bytes v1.12.1
    Checking log v0.4.29
    Checking itoa v1.0.17
    Checking libc v0.2.189
    Checking bitflags v2.11.0
    Checking subtle v2.6.1
    Checking futures-core v0.3.34
    Checking stable_deref_trait v1.2.1
    Checking zerofrom v0.1.6
    Checking core-foundation-sys v0.8.7
    Checking zeroize v1.8.2
    Checking futures-sink v0.3.34
    Checking serde_core v1.0.229
    Checking futures-io v0.3.34
    Checking tracing-core v0.1.36
    Checking futures-task v0.3.34
    Checking slab v0.4.12
    Checking smallvec v1.15.1
    Checking aws-lc-sys v0.37.1
    Checking rustls-pki-types v1.14.0
    Checking regex-syntax v0.8.11
    Checking yoke v0.8.1
    Checking litemap v0.8.1
    Checking percent-encoding v2.3.2
    Checking untrusted v0.9.0
    Checking writeable v0.6.2
    Checking futures-util v0.3.34
    Checking aho-corasick v1.1.4
    Checking tower-service v0.3.3
    Checking equivalent v1.0.2
    Checking hashbrown v0.16.1
    Checking httparse v1.10.1
    Checking zerovec v0.11.5
    Checking zerotrie v0.2.3
    Checking tracing v0.1.44
    Checking http v1.4.0
    Checking rand_core v0.10.0
    Checking icu_normalizer_data v2.1.1
    Checking zerocopy v0.8.40
    Checking icu_properties_data v2.1.2
    Checking atomic-waker v1.1.2
    Checking try-lock v0.2.5
    Checking fnv v1.0.7
    Checking generic-array v0.14.7
    Checking aws-lc-rs v1.16.0
    Checking tower-layer v0.3.3
    Checking want v0.3.1
    Checking form_urlencoded v1.2.2
    Checking futures-channel v0.3.32
    Checking sync_wrapper v1.0.2
    Checking pin-utils v0.1.0
    Checking indexmap v2.13.0
    Checking errno v0.3.14
    Checking getrandom v0.2.17
    Checking socket2 v0.6.2
    Checking mio v1.1.1
    Checking tinystr v0.8.2
    Checking cpufeatures v0.2.17
    Checking http-body v1.0.1
    Checking signal-hook-registry v1.4.8
    Checking rand_core v0.6.4
    Checking potential_utf v0.1.4
    Checking getrandom v0.3.4
    Checking core-foundation v0.9.4
    Checking icu_locale_core v2.1.1
    Checking system-configuration-sys v0.6.0
    Checking getrandom v0.4.1
   Compiling siphasher v1.0.2
    Checking icu_collections v2.1.1
    Checking rand_core v0.9.5
    Checking crypto-common v0.1.7
    Checking tokio v1.50.0
    Checking block-buffer v0.10.4
    Checking base64 v0.22.1
    Checking httpdate v1.0.3
   Compiling phf_shared v0.11.3
    Checking inout v0.1.4
    Checking system-configuration v0.7.0
    Checking digest v0.10.7
    Checking rustix v1.1.4
    Checking bit-vec v0.8.0
    Checking ipnet v2.12.1
    Checking objc2-encode v4.1.0
    Checking utf8parse v0.2.2
    Checking utf8_iter v1.0.4
    Checking sha1 v0.10.6
    Checking anstyle-parse v1.0.0
    Checking regex-automata v0.4.18
    Checking rustls-webpki v0.103.9
    Checking icu_provider v2.1.1
    Checking bit-set v0.8.0
    Checking thiserror v2.0.20
    Checking cipher v0.4.4
   Compiling phf_generator v0.11.3
    Checking universal-hash v0.5.1
    Checking crossbeam-utils v0.8.21
    Checking objc2 v0.6.4
    Checking zmij v1.0.21
    Checking http-body-util v0.1.3
    Checking core-foundation v0.10.1
    Checking serde v1.0.229
    Checking icu_properties v2.1.2
    Checking icu_normalizer v2.1.1
    Checking security-framework-sys v2.17.0
    Checking webpki-roots v1.0.9
    Checking rustls v0.23.37
    Checking ryu v1.0.23
    Checking fastrand v2.3.0
    Checking anstyle-query v1.1.5
    Checking data-encoding v2.10.0
    Checking anstyle v1.0.14
    Checking is_terminal_polyfill v1.70.2
    Checking mime v0.3.17
    Checking opaque-debug v0.3.1
    Checking foldhash v0.2.0
    Checking colorchoice v1.0.4
    Checking lazy_static v1.5.0
    Checking tempfile v3.27.0
    Checking polyval v0.6.2
    Checking webpki-roots v0.26.11
    Checking hashbrown v0.17.1
   Compiling sha2 v0.10.9
    Checking security-framework v3.7.0
    Checking anstream v1.0.0
    Checking crossbeam-epoch v0.9.18
    Checking serde_json v1.0.151
   Compiling phf_macros v0.11.3
    Checking num-traits v0.2.19
    Checking iana-time-zone v0.1.65
    Checking clap_lex v1.0.0
    Checking same-file v1.0.6
    Checking option-ext v0.2.0
   Compiling hex v0.4.3
    Checking strsim v0.11.1
    Checking idna_adapter v1.2.1
    Checking dirs-sys v0.5.0
    Checking walkdir v2.5.0
    Checking block2 v0.6.2
    Checking idna v1.1.0
    Checking clap_builder v4.6.6
    Checking crossbeam-deque v0.8.6
    Checking hashlink v0.12.0
    Checking libsqlite3-sys v0.38.2
    Checking nix v0.31.3
    Checking ghash v0.5.1
    Checking url v2.5.8
    Checking dispatch2 v0.3.1
    Checking axum-core v0.5.6
    Checking chrono v0.4.45
    Checking anyhow v1.0.104
    Checking sharded-slab v0.1.7
    Checking serde_urlencoded v0.7.1
    Checking aes v0.8.4
    Checking phf v0.11.3
    Checking ctr v0.9.2
    Checking serde_path_to_error v0.1.20
    Checking deranged v0.5.8
    Checking aead v0.5.2
    Checking rtoolbox v0.0.5
    Checking chacha20 v0.10.0
    Checking tracing-log v0.2.0
    Checking encoding_rs v0.8.35
    Checking thread_local v1.1.9
    Checking winnow v0.7.15
    Checking unsafe-libyaml v0.2.11
    Checking matchit v0.8.4
    Checking time-core v0.1.9
    Checking rustc-hash v2.1.1
    Checking fallible-streaming-iterator v0.1.9
    Checking nu-ansi-term v0.50.3
    Checking fallible-iterator v0.3.0
    Checking num-conv v0.2.2
    Checking ppv-lite86 v0.2.21
    Checking powerfmt v0.2.0
    Checking rand v0.10.2
    Checking bstr v1.12.1
    Checking regex v1.13.1
    Checking matchers v0.2.0
    Checking fancy-regex v0.17.0
    Checking rand_chacha v0.9.0
    Checking rusqlite v0.40.2
    Checking serde_yaml_ng v0.10.0
   Compiling loopflow v0.12.19 (/Users/jack/src/loopflow.main-view-task/rust/loopflow)
    Checking tracing-subscriber v0.3.23
    Checking clap v4.6.6
    Checking rand v0.9.2
    Checking time v0.3.55
    Checking fancy-regex v0.19.0
    Checking rpassword v7.5.4
    Checking aes-gcm v0.10.3
    Checking globset v0.4.18
    Checking ctrlc v3.5.2
    Checking dirs v6.0.0
    Checking secrecy v0.8.0
    Checking gethostname v1.1.0
    Checking hmac v0.12.1
    Checking rustls-platform-verifier v0.6.2
    Checking tiktoken-rs v0.12.0
    Checking uuid v1.24.0
    Checking tower-http v0.7.0
    Checking fs2 v0.4.3
    Checking base64 v0.23.1
    Checking ignore v0.4.33
    Checking tungstenite v0.29.0
    Checking loopflow-test-support v0.12.19 (/Users/jack/src/loopflow.main-view-task/rust/loopflow-test-support)
    Checking tokio-util v0.7.19
    Checking tokio-rustls v0.26.4
    Checking tower v0.5.3
    Checking cron v0.17.0
    Checking tokio-tungstenite v0.29.0
    Checking tower-http v0.6.11
    Checking h2 v0.4.13
    Checking tokio-stream v0.1.19
    Checking hyper v1.8.1
    Checking hyper-util v0.1.20
    Checking hyper-rustls v0.27.7
    Checking axum v0.8.9
    Checking reqwest v0.13.4
    Finished `dev` profile [unoptimized + debuginfo] target(s) in 21.13s
