   Compiling loopflow v0.12.20 (/Users/jack/src/loopflow.main-view-task/rust/loopflow)
    Finished `test` profile [unoptimized + debuginfo] target(s) in 29.84s
     Running tests/dto_fixtures.rs (target/debug/deps/dto_fixtures-37ddfb3e0b790dac)

running 8 tests
test pm_show_preserves_repository_team_and_project_ownership ... ok
test chapter_history_keeps_dated_task_evidence ... ok
test pm_show_rejects_a_legacy_item_without_stable_ownership ... ok
test active_runs_preserve_identity_waiting_clients_and_incomplete_evidence ... ok
test status_preserves_stranded_tasks_without_a_project_layer ... ok
test metric_portfolio_fixture_locks_every_tagged_payload ... ok
test wave_detail_requires_machine_and_turn_controls ... ok
test status_and_roadmap_require_the_shared_metric_portfolio ... ok

test result: ok. 8 passed; 0 failed; 0 ignored; 0 measured; 0 filtered out; finished in 0.00s

     Running tests/flow_tests.rs (target/debug/deps/flow_tests-ecaae8bb656a9fa4)

running 12 tests
test builtin_deploy_uses_ops_land_item ... ok
test flow_parsing_parity ... ok
test builtin_garden_flow_structure ... ok
test builtin_build_or_silent_has_xor_branch ... ok
test builtin_governance_flows_structure ... ok
test flow_ref_parses_into_items ... ok
test ops_item_parses_and_expands ... ok
test expand_flow_tracks_parents ... ok
test expand_flow_resolves_plain_string_as_subflow ... ok
test expand_flow_prefers_skill_over_single_skill_flow ... ok
Initialized empty Git repository in /private/var/folders/m6/r3tllnrs1yq7yfbwm680tss40000gn/T/.tmpu1ebuW/.git/
[main (root-commit) da1a658] fixture
 2 files changed, 2 insertions(+)
 create mode 100644 .lf/skills/compress.md
 create mode 100644 .lf/skills/implement.md
test code_flow_records_each_skill_as_one_generic_run ... ok
test bound_flows_keep_task_context_and_leave_managed_flow_and_shared_edits_alone ... FAILED

failures:

---- bound_flows_keep_task_context_and_leave_managed_flow_and_shared_edits_alone stdout ----

thread 'bound_flows_keep_task_context_and_leave_managed_flow_and_shared_edits_alone' (526145015) panicked at rust/loopflow/tests/flow_tests.rs:309:9:
assertion failed: run["subjects"].as_array().unwrap().iter().any(|subject|
        subject["selector"] == format!("task:{}", task.task.id))
note: run with `RUST_BACKTRACE=1` environment variable to display a backtrace


failures:
    bound_flows_keep_task_context_and_leave_managed_flow_and_shared_edits_alone

test result: FAILED. 11 passed; 1 failed; 0 ignored; 0 measured; 0 filtered out; finished in 33.19s

error: test failed, to rerun pass `-p loopflow --test flow_tests`
