work-before-proj_33676884d672454780209ce4e5b624fa 0
work-before-task_81bb835a6bd04748bf99e906aa9f4236 0
work-before-task_add16f9632ee4253840773d2401abe28 0
work-before-task_c185db93945d4a1cb0be74739ad60fd7 0
work-retire-task_c185db93945d4a1cb0be74739ad60fd7 0
work-after-task_c185db93945d4a1cb0be74739ad60fd7 0
work-before-task_44a14d08c96e400bb4f5106967bd641e 0
work-before-task_0bbdf6b9ee424d34ac31d35ee6c7239a 0
work-before-task_1b5237f81b7e464db26ba75fad12cdfe 0
work-before-task_1c8661873b4a4f8f97a4e4234b555701 0
work-retire-task_1c8661873b4a4f8f97a4e4234b555701 0
work-after-task_1c8661873b4a4f8f97a4e4234b555701 0
work-before-task_d1a5666cb9564576b3944f2bbf5ef67a 0
work-retire-task_d1a5666cb9564576b3944f2bbf5ef67a 0
work-after-task_d1a5666cb9564576b3944f2bbf5ef67a 0
work-before-task_9afb8feb2e1840728e066f9c1ea5e2a7 0
work-before-task_9a1fadffa162496392fad774d290b427 0
work-before-task_9b75352d38194438af022bd739cae8d0 0
work-before-task_0c8bdce62d594ff9ab08e5a3553e294d 0
work-before-task_3c342ae78ac6462cada4df59da63b77b 0
work-before-task_a6b589abc8d74427b1fefbac74f17937 0
work-before-task_cb620426f83c40a583bdd1bea22a0b99 0
work-before-task_a1477e45045d4a7baac72c0d9b862de6 0
work-before-task_a8556ddc65b9483cb7e3bb1b3b56a027 0
work-before-proj_b98a997ce55a45d1981ad9537d21da3b 0
work-before-task_2c822e334dc7498e92734ed21d736764 0
work-before-task_316fe0299ce9402ebce76f1c021b0e77 0
work-before-task_4995e07e047b4898870cebaaa2bd1c8f 0
work-before-task_2e1035726a794330a182d564b908327e 0
work-before-task_40fbeeaadfbca5367aa7391432ae84ff 0
work-before-task_3aac4445a92f175b017497d4948bd60e 0
work-before-task_f23f219d1f80103281bda979fffebcd6 0
work-before-task_17debabdf4bc9fa4c63003749bb2d80a 0
work-before-task_7a402b71ac05eea22e505b67d25de51f 0
work-before-task_e80fdd16457caf15b86340ee9c0c5b10 0
work-before-proj_d28ac50d38f376165b4af5b696ff11eb 0
work-retire-proj_d28ac50d38f376165b4af5b696ff11eb 0
work-after-proj_d28ac50d38f376165b4af5b696ff11eb 0
work-before-task_d81fe3b3b52341484436aacab14a6ce7 0
work-retire-task_d81fe3b3b52341484436aacab14a6ce7 0
work-after-task_d81fe3b3b52341484436aacab14a6ce7 0
work-before-task_eb839fb6bdc21fb6211b5b18c0a51187 0
work-retire-task_eb839fb6bdc21fb6211b5b18c0a51187 0
work-after-task_eb839fb6bdc21fb6211b5b18c0a51187 0
work-before-task_4a11fa5012da0b18eab2bf88a273239e 0
work-retire-task_4a11fa5012da0b18eab2bf88a273239e 0
work-after-task_4a11fa5012da0b18eab2bf88a273239e 0
work-before-task_a671b9b465914e1ca467ea2f9c24a069 0
work-before-task_92e557ec8d1cf87807b7fddfc5fc1fc3 0
work-retire-task_92e557ec8d1cf87807b7fddfc5fc1fc3 0
work-after-task_92e557ec8d1cf87807b7fddfc5fc1fc3 0
work-before-task_32301db44d9e0909f191c36fb429b216 0
work-retire-task_32301db44d9e0909f191c36fb429b216 0
work-after-task_32301db44d9e0909f191c36fb429b216 0
work-before-task_8e7b78e85cd2332454ea8813d7cadb30 0
work-retire-task_8e7b78e85cd2332454ea8813d7cadb30 0
work-after-task_8e7b78e85cd2332454ea8813d7cadb30 0
work-before-task_7582ade863138e7407748819f408b80d 0
work-retire-task_7582ade863138e7407748819f408b80d 0
work-after-task_7582ade863138e7407748819f408b80d 0
work-before-task_17d4c3725c284a558d7307b580d7d7cc 0
work-before-task_96a41259789166af92748156e203ea97 0
work-retire-task_96a41259789166af92748156e203ea97 0
work-after-task_96a41259789166af92748156e203ea97 0
work-before-task_b06341ce4a8083cc3cb9169586319c83 0
work-retire-task_b06341ce4a8083cc3cb9169586319c83 0
work-after-task_b06341ce4a8083cc3cb9169586319c83 0
work-before-task_a05e907d21363c5305a4ac16a374247c 0
work-retire-task_a05e907d21363c5305a4ac16a374247c 0
work-after-task_a05e907d21363c5305a4ac16a374247c 0
work-before-task_bcb2dfbf055ef3590f57fa7943335c08 0
work-retire-task_bcb2dfbf055ef3590f57fa7943335c08 0
work-after-task_bcb2dfbf055ef3590f57fa7943335c08 0
work-before-task_ac13b2612a20becb801d90345d957d1b 0
work-retire-task_ac13b2612a20becb801d90345d957d1b 0
work-after-task_ac13b2612a20becb801d90345d957d1b 0
work-before-task_fb2ffa425812d03de1c914e45ad5c257 0
work-retire-task_fb2ffa425812d03de1c914e45ad5c257 0
work-after-task_fb2ffa425812d03de1c914e45ad5c257 0
work-before-task_61235dc814b059d23c2c27cb041e2cad 0
work-retire-task_61235dc814b059d23c2c27cb041e2cad 0
work-after-task_61235dc814b059d23c2c27cb041e2cad 0
work-before-task_a797a81236b68b6bb9777dba7b09bf7e 0
work-retire-task_a797a81236b68b6bb9777dba7b09bf7e 0
work-after-task_a797a81236b68b6bb9777dba7b09bf7e 0
work-before-task_61f1432d28d35f5dfd83d72b9fd5806f 0
work-retire-task_61f1432d28d35f5dfd83d72b9fd5806f 0
work-after-task_61f1432d28d35f5dfd83d72b9fd5806f 0
work-before-task_9b02e15c9c8a11b88ceec7ce7e915ce7 0
work-retire-task_9b02e15c9c8a11b88ceec7ce7e915ce7 0
work-after-task_9b02e15c9c8a11b88ceec7ce7e915ce7 0
work-before-task_afadc634e8ffcb36d6c5394f23f35a45 0
work-retire-task_afadc634e8ffcb36d6c5394f23f35a45 0
work-after-task_afadc634e8ffcb36d6c5394f23f35a45 0
work-before-task_ebcb762b313121b254ba830e63381fab 0
work-retire-task_ebcb762b313121b254ba830e63381fab 0
work-after-task_ebcb762b313121b254ba830e63381fab 0
work-before-task_598a7f980a61a9e58f99cb29235d27a1 0
work-retire-task_598a7f980a61a9e58f99cb29235d27a1 0
work-after-task_598a7f980a61a9e58f99cb29235d27a1 0
work-before-task_8e440b3141a82d78b359d70c4c825697 0
work-retire-task_8e440b3141a82d78b359d70c4c825697 0
work-after-task_8e440b3141a82d78b359d70c4c825697 0
work-before-task_78f2d07503f1be1c8da9d6030d560cc3 0
work-retire-task_78f2d07503f1be1c8da9d6030d560cc3 0
work-after-task_78f2d07503f1be1c8da9d6030d560cc3 0
work-before-task_582c96bf14bee592b1b04b51a20bd3cb 0
work-retire-task_582c96bf14bee592b1b04b51a20bd3cb 0
work-after-task_582c96bf14bee592b1b04b51a20bd3cb 0
work-before-task_2ed8c4214b424ad092b68bbba8610ae9 0
work-retire-task_2ed8c4214b424ad092b68bbba8610ae9 0
work-after-task_2ed8c4214b424ad092b68bbba8610ae9 0
work-before-task_111c13003cb8ba4d0344718b4908f795 0
work-retire-task_111c13003cb8ba4d0344718b4908f795 0
work-after-task_111c13003cb8ba4d0344718b4908f795 0
work-before-task_3e1122852514bf5a5087efad257519c8 0
work-retire-task_3e1122852514bf5a5087efad257519c8 0
work-after-task_3e1122852514bf5a5087efad257519c8 0
work-before-task_fb4ef5aa260fbc81322499468f015bae 0
work-retire-task_fb4ef5aa260fbc81322499468f015bae 0
work-after-task_fb4ef5aa260fbc81322499468f015bae 0
work-before-task_6430e9470d94d783bcd0e4d0ecf6ca1f 0
work-retire-task_6430e9470d94d783bcd0e4d0ecf6ca1f 0
work-after-task_6430e9470d94d783bcd0e4d0ecf6ca1f 0
work-before-task_d399c5df4f6a60a8879258f8407e066c 0
work-retire-task_d399c5df4f6a60a8879258f8407e066c 0
work-after-task_d399c5df4f6a60a8879258f8407e066c 0
work-before-task_2158ce9eacaafc2b69d24e34e34452c5 0
work-retire-task_2158ce9eacaafc2b69d24e34e34452c5 0
work-after-task_2158ce9eacaafc2b69d24e34e34452c5 0
work-before-task_13322c051da174a1d3a1074e16efceaa 0
work-retire-task_13322c051da174a1d3a1074e16efceaa 0
work-after-task_13322c051da174a1d3a1074e16efceaa 0
work-before-task_b65222493052ad31a4512ad8460e8237 0
work-retire-task_b65222493052ad31a4512ad8460e8237 0
work-after-task_b65222493052ad31a4512ad8460e8237 0
work-before-task_8bc388011272cb338e9d26a4b41ffac0 0
work-retire-task_8bc388011272cb338e9d26a4b41ffac0 0
work-after-task_8bc388011272cb338e9d26a4b41ffac0 0
work-before-task_e741ed2cd2333cd392a4d989929ca55d 0
work-retire-task_e741ed2cd2333cd392a4d989929ca55d 0
work-after-task_e741ed2cd2333cd392a4d989929ca55d 0
work-before-task_4fd09423d7b84b9c989ab1e6e2d373ce 0
work-retire-task_4fd09423d7b84b9c989ab1e6e2d373ce 0
work-after-task_4fd09423d7b84b9c989ab1e6e2d373ce 0
work-before-task_b3ee699cb2ed60435d754525b793fdd2 0
work-retire-task_b3ee699cb2ed60435d754525b793fdd2 0
work-after-task_b3ee699cb2ed60435d754525b793fdd2 0
work-before-task_f7d0e2c69b2f3fb74e8225d3d9cfea0a 0
work-retire-task_f7d0e2c69b2f3fb74e8225d3d9cfea0a 0
work-after-task_f7d0e2c69b2f3fb74e8225d3d9cfea0a 0
work-before-task_8c7ed4ae9e4b9cc9e66d6fa3234ccce2 0
work-retire-task_8c7ed4ae9e4b9cc9e66d6fa3234ccce2 0
work-after-task_8c7ed4ae9e4b9cc9e66d6fa3234ccce2 0
work-before-task_f14c336a44f251e520962d13bd065fff 0
work-retire-task_f14c336a44f251e520962d13bd065fff 0
work-after-task_f14c336a44f251e520962d13bd065fff 0
work-before-task_002ff31f7d4b97436a39346840c6b20d 0
work-retire-task_002ff31f7d4b97436a39346840c6b20d 0
work-after-task_002ff31f7d4b97436a39346840c6b20d 0
work-before-task_4f1b63846005f9ca011c7b945c6417c8 0
work-retire-task_4f1b63846005f9ca011c7b945c6417c8 0
work-after-task_4f1b63846005f9ca011c7b945c6417c8 0
work-before-task_e5a6dafe8d3576665f548cd5fc579366 0
work-retire-task_e5a6dafe8d3576665f548cd5fc579366 0
work-after-task_e5a6dafe8d3576665f548cd5fc579366 0
work-before-task_e3f70ddbad943c33cec5b5ee601ec014 0
work-retire-task_e3f70ddbad943c33cec5b5ee601ec014 0
work-after-task_e3f70ddbad943c33cec5b5ee601ec014 0
work-before-task_bde495552fbed021fd2f0369f26dbf00 0
work-retire-task_bde495552fbed021fd2f0369f26dbf00 0
work-after-task_bde495552fbed021fd2f0369f26dbf00 0
work-before-task_8a7bf60c88b5aa989013f58d5758e2ac 0
work-retire-task_8a7bf60c88b5aa989013f58d5758e2ac 0
work-after-task_8a7bf60c88b5aa989013f58d5758e2ac 0
work-before-task_656069ef8a54ee30bc1d1c20b02bb5df 0
work-retire-task_656069ef8a54ee30bc1d1c20b02bb5df 0
work-after-task_656069ef8a54ee30bc1d1c20b02bb5df 0
work-before-task_cc5d3dccd43d06a78e3b2b610de1469f 0
work-retire-task_cc5d3dccd43d06a78e3b2b610de1469f 0
work-after-task_cc5d3dccd43d06a78e3b2b610de1469f 0
work-before-task_e29a5964e93095c483f51302737140fc 0
work-retire-task_e29a5964e93095c483f51302737140fc 0
work-after-task_e29a5964e93095c483f51302737140fc 0
work-before-task_a6e7a6a5ab05aff5525e84d96678b28d 0
work-retire-task_a6e7a6a5ab05aff5525e84d96678b28d 0
work-after-task_a6e7a6a5ab05aff5525e84d96678b28d 0
work-before-task_b9867fc85579e39e9e37bbb433e45561 0
work-retire-task_b9867fc85579e39e9e37bbb433e45561 0
work-after-task_b9867fc85579e39e9e37bbb433e45561 0
work-before-task_52c2a7f1281c31719a9bb0447453b067 0
work-retire-task_52c2a7f1281c31719a9bb0447453b067 0
work-after-task_52c2a7f1281c31719a9bb0447453b067 0
work-before-task_dae799d66ef8300283e0964355ce17d3 0
work-retire-task_dae799d66ef8300283e0964355ce17d3 0
work-after-task_dae799d66ef8300283e0964355ce17d3 0
work-before-task_d173d48f2023e859cc0deeb92305f043 0
work-retire-task_d173d48f2023e859cc0deeb92305f043 0
work-after-task_d173d48f2023e859cc0deeb92305f043 0
work-before-task_00002c91883d114a0f92755a8f407820 0
work-retire-task_00002c91883d114a0f92755a8f407820 0
work-after-task_00002c91883d114a0f92755a8f407820 0
work-before-task_8388f7611a404d4fa168b3ae58642a61 0
work-retire-task_8388f7611a404d4fa168b3ae58642a61 0
work-after-task_8388f7611a404d4fa168b3ae58642a61 0
work-before-task_19aedec7f4d9c0783762b86b056186f9 0
work-retire-task_19aedec7f4d9c0783762b86b056186f9 0
work-after-task_19aedec7f4d9c0783762b86b056186f9 0
work-before-task_50cc02cd04a675bfea7cd570a21daf53 0
work-retire-task_50cc02cd04a675bfea7cd570a21daf53 0
work-after-task_50cc02cd04a675bfea7cd570a21daf53 0
work-before-task_7c1bb325824e7b0330b5c5c413505049 0
work-retire-task_7c1bb325824e7b0330b5c5c413505049 0
work-after-task_7c1bb325824e7b0330b5c5c413505049 0
work-before-task_d8d393e9695367860b3401221690073d 0
work-retire-task_d8d393e9695367860b3401221690073d 0
work-after-task_d8d393e9695367860b3401221690073d 0
work-before-task_ce72eaad896b424c090cef0f712a48e3 0
work-retire-task_ce72eaad896b424c090cef0f712a48e3 0
work-after-task_ce72eaad896b424c090cef0f712a48e3 0
work-before-task_b74f9820b157062c14062e4248e83001 0
work-retire-task_b74f9820b157062c14062e4248e83001 0
work-after-task_b74f9820b157062c14062e4248e83001 0
work-before-task_2936595844952a8ba4fcf79049b50bab 0
work-retire-task_2936595844952a8ba4fcf79049b50bab 0
work-after-task_2936595844952a8ba4fcf79049b50bab 0
work-before-task_d72cc9b149ae56ead509d83c4c56ca36 0
work-retire-task_d72cc9b149ae56ead509d83c4c56ca36 0
work-after-task_d72cc9b149ae56ead509d83c4c56ca36 0
work-before-task_8b753993e4b4123efc713e0a17c11f2b 0
work-retire-task_8b753993e4b4123efc713e0a17c11f2b 0
work-after-task_8b753993e4b4123efc713e0a17c11f2b 0
work-before-task_433ba3a7289c7a802a44e8f94cceb18d 0
work-retire-task_433ba3a7289c7a802a44e8f94cceb18d 0
work-after-task_433ba3a7289c7a802a44e8f94cceb18d 0
work-before-task_efbea2e3785f794626456a863dd78479 0
work-retire-task_efbea2e3785f794626456a863dd78479 0
work-after-task_efbea2e3785f794626456a863dd78479 0
work-before-task_2e1419ad56b6e2340b07350a08fdd797 0
work-retire-task_2e1419ad56b6e2340b07350a08fdd797 0
work-after-task_2e1419ad56b6e2340b07350a08fdd797 0
work-before-task_00de56b2601db76d5cbaec023d264a1b 0
work-retire-task_00de56b2601db76d5cbaec023d264a1b 0
work-after-task_00de56b2601db76d5cbaec023d264a1b 0
work-before-task_75a27d4e2be345d29320710dc8d3b042 0
work-before-task_aaf18fe62158d4673a84a30fad9abdb7 0
work-retire-task_aaf18fe62158d4673a84a30fad9abdb7 0
work-after-task_aaf18fe62158d4673a84a30fad9abdb7 0
work-before-task_b481ee35c84cdd5b45bdd0523f6338a1 0
work-retire-task_b481ee35c84cdd5b45bdd0523f6338a1 0
work-after-task_b481ee35c84cdd5b45bdd0523f6338a1 0
work-before-task_640ffe60c94a9c44188d30c6cc888c7d 0
work-retire-task_640ffe60c94a9c44188d30c6cc888c7d 0
work-after-task_640ffe60c94a9c44188d30c6cc888c7d 0
work-before-task_6888f1ce8a2071716c9e2122a27e706e 0
work-retire-task_6888f1ce8a2071716c9e2122a27e706e 0
work-after-task_6888f1ce8a2071716c9e2122a27e706e 0
work-before-task_d960ae061682f11f2ff1fd18e2e2a92c 0
work-before-task_d108b1aa6536f2fad0e435056da20a82 0
work-retire-task_d108b1aa6536f2fad0e435056da20a82 0
work-after-task_d108b1aa6536f2fad0e435056da20a82 0
work-before-task_52a03fe40c1a29a08fdbdc067324fe36 0
work-retire-task_52a03fe40c1a29a08fdbdc067324fe36 0
work-after-task_52a03fe40c1a29a08fdbdc067324fe36 0
work-before-task_a6ddf8513eb857b8b278d829bdc8d383 0
work-retire-task_a6ddf8513eb857b8b278d829bdc8d383 0
work-after-task_a6ddf8513eb857b8b278d829bdc8d383 0
work-before-task_c672dfdf28046bcb2b1fcffdd691fe5d 0
work-retire-task_c672dfdf28046bcb2b1fcffdd691fe5d 0
work-after-task_c672dfdf28046bcb2b1fcffdd691fe5d 0
work-before-task_5afb6678df96a47262346b008c31014f 0
work-retire-task_5afb6678df96a47262346b008c31014f 0
work-after-task_5afb6678df96a47262346b008c31014f 0
work-before-task_e57d3410252de4e4f14e011650490242 0
work-retire-task_e57d3410252de4e4f14e011650490242 0
work-after-task_e57d3410252de4e4f14e011650490242 0
work-before-proj_ecb630ef20d156f77c63461acd007741 0
work-retire-proj_ecb630ef20d156f77c63461acd007741 0
work-after-proj_ecb630ef20d156f77c63461acd007741 0
work-before-proj_9fffbe63b7594bdc8f5719c61b25876d 0
work-before-task_630c7f1c1b6347ea8c31d99cf567cfb2 0
work-retire-task_630c7f1c1b6347ea8c31d99cf567cfb2 0
work-after-task_630c7f1c1b6347ea8c31d99cf567cfb2 0
work-before-task_1b4e3f4279994c6ea611aebf64a7baa8 0
work-retire-task_1b4e3f4279994c6ea611aebf64a7baa8 0
work-after-task_1b4e3f4279994c6ea611aebf64a7baa8 0
work-before-proj_c8a7e002f6cc4830893d540a93a1db09 0
work-retire-proj_c8a7e002f6cc4830893d540a93a1db09 0
work-after-proj_c8a7e002f6cc4830893d540a93a1db09 0
work-before-task_c89277ebd41a41409fbf943524fa99de 0
work-before-proj_86f8af8b1e71ee288b167663c5f9e41b 0
work-before-task_95d4aa9a0e8d4166b3032215cf52ebb7 0
work-retire-task_95d4aa9a0e8d4166b3032215cf52ebb7 0
work-after-task_95d4aa9a0e8d4166b3032215cf52ebb7 0
work-before-task_7ad56f01347e91c74dd3273747af17b8 0
work-retire-task_7ad56f01347e91c74dd3273747af17b8 0
work-after-task_7ad56f01347e91c74dd3273747af17b8 0
work-before-task_fea3a9b60d2012bc558592d65dcab4a0 0
work-retire-task_fea3a9b60d2012bc558592d65dcab4a0 0
work-after-task_fea3a9b60d2012bc558592d65dcab4a0 0
work-before-task_0aabdbaea6fb475cdf0b64e5e7e7bd89 0
work-retire-task_0aabdbaea6fb475cdf0b64e5e7e7bd89 0
work-after-task_0aabdbaea6fb475cdf0b64e5e7e7bd89 0
work-before-task_50418b03bae612866b92c0101346fc3d 0
work-retire-task_50418b03bae612866b92c0101346fc3d 0
work-after-task_50418b03bae612866b92c0101346fc3d 0
work-before-task_b88e0b61e1645fcc7185ddaa0402fa91 0
work-retire-task_b88e0b61e1645fcc7185ddaa0402fa91 0
work-after-task_b88e0b61e1645fcc7185ddaa0402fa91 0
work-before-task_9d7fe58867b15b69e9123cad881d65ef 0
work-retire-task_9d7fe58867b15b69e9123cad881d65ef 0
work-after-task_9d7fe58867b15b69e9123cad881d65ef 0
work-before-task_ba2baf1be1a2f90c75d464a2940a6cd4 0
work-before-proj_9f1fc19a84211aed8b8136e55c8ab1f3 0
work-before-task_ad19281417ca4c1b86d735ac1af6be55 0
work-before-task_4b178d2d59fd421a9f15c07f532f6311 0
work-retire-task_4b178d2d59fd421a9f15c07f532f6311 0
work-after-task_4b178d2d59fd421a9f15c07f532f6311 0
work-before-task_692dabda6231427283db5bd73732d1e4 0
work-before-task_61ac3c1d62e14bc3b5e4d0eed844c6fd 0
work-retire-task_61ac3c1d62e14bc3b5e4d0eed844c6fd 0
work-after-task_61ac3c1d62e14bc3b5e4d0eed844c6fd 0
work-before-task_c203d49b9468408db8998900367506e2 0
work-before-task_c15c85ecd2834344bd88f26f78a25e02 0
work-before-task_8840cd0674e240a09ae30991bbf68dfa 0
work-before-task_a445483e8b5447318ae91b36e24b4923 0
work-before-task_21b193b0ee3b4c70afd1dcb025dc6589 0
work-before-task_7fdfb94cfe654fafbcf6777a2e162213 0
work-retire-task_7fdfb94cfe654fafbcf6777a2e162213 0
work-after-task_7fdfb94cfe654fafbcf6777a2e162213 0
work-before-task_d0fa47e3ccb24002adf1892dab352a32 0
work-retire-task_d0fa47e3ccb24002adf1892dab352a32 0
work-after-task_d0fa47e3ccb24002adf1892dab352a32 0
work-before-task_13eedfbbb59a489685c5f41737ec6f14 0
work-retire-task_13eedfbbb59a489685c5f41737ec6f14 0
work-after-task_13eedfbbb59a489685c5f41737ec6f14 0
work-before-task_b198050f6d7e443c8e02c5e51d0c1c2f 0
work-before-task_b76dc013c62145d785dc6c0366e709f2 0
work-retire-task_b76dc013c62145d785dc6c0366e709f2 0
work-after-task_b76dc013c62145d785dc6c0366e709f2 0
work-before-task_f0f81a9582fe12bce91ceba5f0f15c57 0
work-retire-task_f0f81a9582fe12bce91ceba5f0f15c57 0
work-after-task_f0f81a9582fe12bce91ceba5f0f15c57 0
work-before-task_e5fe011eaf216a3a3960a6380699a9e7 0
work-retire-task_e5fe011eaf216a3a3960a6380699a9e7 0
work-after-task_e5fe011eaf216a3a3960a6380699a9e7 0
work-before-task_f607ae8aec8d45bcb634e58b81ae5a34 0
work-before-task_bd7f8b96641e71b53cbac3915805134b 0
work-retire-task_bd7f8b96641e71b53cbac3915805134b 0
work-after-task_bd7f8b96641e71b53cbac3915805134b 0
work-before-task_8eb408976ab97e15c11eda2d42add0f7 0
work-retire-task_8eb408976ab97e15c11eda2d42add0f7 0
work-after-task_8eb408976ab97e15c11eda2d42add0f7 0
work-before-task_94182c109eee3665545112c2f984a4be 0
work-retire-task_94182c109eee3665545112c2f984a4be 0
work-after-task_94182c109eee3665545112c2f984a4be 0
work-before-task_113a3a20a1168da783afc89467c367c8 0
work-retire-task_113a3a20a1168da783afc89467c367c8 0
work-after-task_113a3a20a1168da783afc89467c367c8 0
work-before-task_1a33fa263171ae88436b4b86bb5c6098 0
work-retire-task_1a33fa263171ae88436b4b86bb5c6098 0
work-after-task_1a33fa263171ae88436b4b86bb5c6098 0
work-before-task_55eafafe0b5d7803336a02602c15b7af 0
work-retire-task_55eafafe0b5d7803336a02602c15b7af 0
work-after-task_55eafafe0b5d7803336a02602c15b7af 0
work-before-task_bd9342391df884d82d63dbc4f5f5f69d 0
work-retire-task_bd9342391df884d82d63dbc4f5f5f69d 0
work-after-task_bd9342391df884d82d63dbc4f5f5f69d 0
work-before-task_50195641afaaedc123327ee74171e1e3 0
work-retire-task_50195641afaaedc123327ee74171e1e3 0
work-after-task_50195641afaaedc123327ee74171e1e3 0
work-before-task_73c78de1ba8914670c438aa8ac5203d1 0
work-retire-task_73c78de1ba8914670c438aa8ac5203d1 0
work-after-task_73c78de1ba8914670c438aa8ac5203d1 0
work-before-task_4069580b6426fe8ef6f8ce90d0670e55 0
work-retire-task_4069580b6426fe8ef6f8ce90d0670e55 0
work-after-task_4069580b6426fe8ef6f8ce90d0670e55 0
work-before-task_2851571016b4d8fb88d289f8e6fde0f3 0
work-before-task_123381b4bc954de9a3e0c0d4ed32fa01 0
work-before-task_9ef67f38cebc44bebc98b75204c179cd 0
work-retire-task_9ef67f38cebc44bebc98b75204c179cd 0
work-after-task_9ef67f38cebc44bebc98b75204c179cd 0
work-before-task_8ad790387a4049c088754e0bd49c25d0 0
work-retire-task_8ad790387a4049c088754e0bd49c25d0 0
work-after-task_8ad790387a4049c088754e0bd49c25d0 0
work-before-task_c1a44ebdda399351bb625d127dcaed3a 0
work-retire-task_c1a44ebdda399351bb625d127dcaed3a 0
work-after-task_c1a44ebdda399351bb625d127dcaed3a 0
work-before-task_8e08e49c2f013a4fa0f686362c859836 0
work-retire-task_8e08e49c2f013a4fa0f686362c859836 0
work-after-task_8e08e49c2f013a4fa0f686362c859836 0
work-before-task_4774e5ff5a824fb2438ca5b5b16df593 0
work-retire-task_4774e5ff5a824fb2438ca5b5b16df593 0
work-after-task_4774e5ff5a824fb2438ca5b5b16df593 0
work-before-task_9903f3b326db0b04cf40c024bceefd19 0
work-retire-task_9903f3b326db0b04cf40c024bceefd19 0
work-after-task_9903f3b326db0b04cf40c024bceefd19 0
work-before-proj_999d1c27dfc3089b310251e9782b0736 0
work-retire-proj_999d1c27dfc3089b310251e9782b0736 0
work-after-proj_999d1c27dfc3089b310251e9782b0736 0
work-before-task_cb43389e7130484b9b132c7a9e8662fb 0
work-retire-task_cb43389e7130484b9b132c7a9e8662fb 0
work-after-task_cb43389e7130484b9b132c7a9e8662fb 0
work-before-task_37dee180d4efc53c9a58a96c6bb9ce3f 0
work-retire-task_37dee180d4efc53c9a58a96c6bb9ce3f 0
work-after-task_37dee180d4efc53c9a58a96c6bb9ce3f 0
work-before-task_71618cc6a377da4e296e45456dad4936 0
work-retire-task_71618cc6a377da4e296e45456dad4936 0
work-after-task_71618cc6a377da4e296e45456dad4936 0
work-before-task_fdde1193a34c783f153d7f2925b2e563 0
work-retire-task_fdde1193a34c783f153d7f2925b2e563 0
work-after-task_fdde1193a34c783f153d7f2925b2e563 0
work-before-task_94a71ff19df6a4c49cdfceee19022ec3 0
work-retire-task_94a71ff19df6a4c49cdfceee19022ec3 0
work-after-task_94a71ff19df6a4c49cdfceee19022ec3 0
work-before-task_0a94c1f5a0384344a45192378e2fb301 0
work-before-proj_b38ceab9f0e26572cbf39aa7be124b0c 0
work-retire-proj_b38ceab9f0e26572cbf39aa7be124b0c 0
work-after-proj_b38ceab9f0e26572cbf39aa7be124b0c 0
work-before-proj_3998f8611e9c9069f53c44dc831803d7 0
work-retire-proj_3998f8611e9c9069f53c44dc831803d7 0
work-after-proj_3998f8611e9c9069f53c44dc831803d7 0
work-before-proj_d8813eb7de644d18bfa11d7271033c05 0
work-retire-proj_d8813eb7de644d18bfa11d7271033c05 0
work-after-proj_d8813eb7de644d18bfa11d7271033c05 0
work-before-task_f4f230f6de97470fa25be460bb9552ec 0
wave-before-engbot 0
wave-retire-engbot 0
wave-after-engbot 0
wave-before-list 0
wave-retire-list 0
wave-after-list 0
