[0/1] Planning build
Building for debugging...
[0/4] Write swift-version--58304C5D6DBC2206.txt
Build complete! (0.15s)
Test Suite 'Selected tests' started at 2026-09-24 13:16:52.803.
Test Suite 'LoopflowSwiftPackageTests.xctest' started at 2026-09-24 13:16:52.803.
Test Suite 'LoopflowSwiftPackageTests.xctest' passed at 2026-09-24 13:16:52.803.
	 Executed 0 tests, with 0 failures (0 unexpected) in 0.000 (0.000) seconds
Test Suite 'Selected tests' passed at 2026-09-24 13:16:52.803.
	 Executed 0 tests, with 0 failures (0 unexpected) in 0.000 (0.001) seconds
◇ Test run started.
↳ Testing Library Version: 1501
↳ Target Platform: arm64e-apple-macos14.0
◇ Suite "Unified Work and Session navigation" started.
◇ Suite "Unified workspace navigation proof" started.
◇ Test "Work outside the plan is explained in Wave details without crowding the Task list" started.
◇ Test "Autonomous, upcoming and human work share stable ranked planning rows" started.
◇ Test "Returning to a repository retains its last-good Sessions when refresh fails" started.
◇ Test "Incomplete planning keeps out-of-plan Work reachable" started.
◇ Test "Task details expose directive and Project proof from the same snapshot" started.
◇ Test "New conversation follows the visible subject and repository scope" started.
◇ Test "Failed reads keep last-good work and exact Sessions with a visible error" started.
◇ Test "The workspace retains navigation and reconciles completion in its originating repository" started.
◇ Test "The work list retains its viewport through presentations, refresh and repository return" started.
◇ Test "Every presentation opens the exact Session without changing the selected Work" started.
◇ Test "Session list disambiguates same-named conversations and retains unknown ancestry" started.
◇ Test "Session rows restore their shell and companion layout across worktree slots" started.
◇ Test "Slow planning does not gate Session reading or navigation" started.
◇ Test "Incomplete planning preserves the repository's selected Task" started.
◇ Test "Typed durable joins preserve top-level, multiple, completed and unmatched Sessions" started.
◇ Test case passing 1 argument hasUnplannedWork → false to "Incomplete planning keeps out-of-plan Work reachable" started.
◇ Test case passing 1 argument hasUnplannedWork → true to "Incomplete planning keeps out-of-plan Work reachable" started.
◇ Test "Compact preserves structural distinctions when planning is multiple, partial or unavailable" started.
◇ Test case passing 1 argument truncated → true to "Incomplete planning preserves the repository's selected Task" started.
◇ Test case passing 1 argument switchBeforeCompletion → false to "The workspace retains navigation and reconciles completion in its originating repository" started.
◇ Test "Compression promotes leaves without changing identity or hiding upcoming Tasks" started.
◇ Test "Presentation and repo changes preserve selection, expansion, search and terminal splits" started.
◇ Test case passing 1 argument evidence → "multiple" to "Compact preserves structural distinctions when planning is multiple, partial or unavailable" started.
◇ Test case passing 1 argument evidence → "partial" to "Compact preserves structural distinctions when planning is multiple, partial or unavailable" started.
◇ Test "An existing Task checkout remains visible across provider gaps, including completed planning work" started.
◇ Test case passing 1 argument truncated → false to "Incomplete planning preserves the repository's selected Task" started.
◇ Test case passing 1 argument evidence → "unavailable" to "Compact preserves structural distinctions when planning is multiple, partial or unavailable" started.
◇ Test "Completing a Session removes its link without completing its Task" started.
✔ Test "Session list disambiguates same-named conversations and retains unknown ancestry" passed after 0.283 seconds.
✔ Test "Typed durable joins preserve top-level, multiple, completed and unmatched Sessions" passed after 0.283 seconds.
✔ Test "Compression promotes leaves without changing identity or hiding upcoming Tasks" passed after 0.283 seconds.
✔ Test "Compact preserves structural distinctions when planning is multiple, partial or unavailable" with 3 test cases passed after 0.283 seconds.
✔ Test "An existing Task checkout remains visible across provider gaps, including completed planning work" passed after 0.283 seconds.
✔ Test "Autonomous, upcoming and human work share stable ranked planning rows" passed after 0.284 seconds.
✔ Test "Task details expose directive and Project proof from the same snapshot" passed after 0.331 seconds.
✔ Test "New conversation follows the visible subject and repository scope" passed after 0.426 seconds.
✔ Test "Presentation and repo changes preserve selection, expansion, search and terminal splits" passed after 0.506 seconds.
✔ Test "Work outside the plan is explained in Wave details without crowding the Task list" passed after 0.580 seconds.
✔ Test "Every presentation opens the exact Session without changing the selected Work" passed after 0.601 seconds.
✔ Test "Completing a Session removes its link without completing its Task" passed after 0.601 seconds.
✔ Test "Returning to a repository retains its last-good Sessions when refresh fails" passed after 0.724 seconds.
✔ Test "Incomplete planning keeps out-of-plan Work reachable" with 2 test cases passed after 0.819 seconds.
✔ Test "Slow planning does not gate Session reading or navigation" passed after 0.922 seconds.
✔ Test "Failed reads keep last-good work and exact Sessions with a visible error" passed after 0.929 seconds.
✔ Test "Session rows restore their shell and companion layout across worktree slots" passed after 1.995 seconds.
✔ Test "The work list retains its viewport through presentations, refresh and repository return" passed after 2.051 seconds.
✔ Test "Incomplete planning preserves the repository's selected Task" with 2 test cases passed after 2.179 seconds.
✔ Suite "Unified Work and Session navigation" passed after 2.179 seconds.
◇ Test case passing 1 argument switchBeforeCompletion → true to "The workspace retains navigation and reconciles completion in its originating repository" started.
✔ Test "The workspace retains navigation and reconciles completion in its originating repository" with 2 test cases passed after 4.964 seconds.
✔ Suite "Unified workspace navigation proof" passed after 4.964 seconds.
✔ Test run with 20 tests in 2 suites passed after 4.964 seconds.
