Building for debugging...
[0/5] Write sources
[1/5] Write swift-version--58304C5D6DBC2206.txt
[3/7] Emitting module LoopflowMac
[4/7] Compiling LoopflowMac WorkspaceProjection.swift
[4/8] Write Objects.LinkFileList
[5/9] Linking LoopflowMac
[6/9] Applying LoopflowMac
[8/10] Emitting module LoopflowTests
[8/10] Write Objects.LinkFileList
[9/10] Linking LoopflowSwiftPackageTests
Build complete! (2.42s)
Test Suite 'Selected tests' started at 2026-09-24 13:30:07.480.
Test Suite 'LoopflowSwiftPackageTests.xctest' started at 2026-09-24 13:30:07.481.
Test Suite 'LoopflowSwiftPackageTests.xctest' passed at 2026-09-24 13:30:07.481.
	 Executed 0 tests, with 0 failures (0 unexpected) in 0.000 (0.000) seconds
Test Suite 'Selected tests' passed at 2026-09-24 13:30:07.481.
	 Executed 0 tests, with 0 failures (0 unexpected) in 0.000 (0.001) seconds
◇ Test run started.
↳ Testing Library Version: 1501
↳ Target Platform: arm64e-apple-macos14.0
◇ Suite "Unified workspace navigation proof" started.
◇ Suite "Unified Work and Session navigation" started.
◇ Test "Presentation and repo changes preserve selection, expansion, search and terminal splits" started.
◇ Test "Compression promotes leaves without changing identity or hiding upcoming Tasks" started.
◇ Test "Session rows restore their shell and companion layout across worktree slots" started.
◇ Test "Compact preserves structural distinctions when planning is multiple, partial or unavailable" started.
◇ Test "Typed durable joins preserve top-level, multiple, completed and unmatched Sessions" started.
◇ Test "Work outside the plan is explained in Wave details without crowding the Task list" started.
◇ Test "Autonomous, upcoming and human work share stable ranked planning rows" started.
◇ Test "Incomplete planning preserves the repository's selected Task" started.
◇ Test "Failed reads keep last-good work and exact Sessions with a visible error" started.
◇ Test "Returning to a repository retains its last-good Sessions when refresh fails" started.
◇ Test "Completing a Session removes its link without completing its Task" started.
◇ Test "New conversation follows the visible subject and repository scope" started.
◇ Test "Task details expose directive and Project proof from the same snapshot" started.
◇ Test "Incomplete planning keeps out-of-plan Work reachable" started.
◇ Test "Slow planning does not gate Session reading or navigation" started.
◇ Test "Compact keeps empty planning subjects available for inspection and conversation" started.
◇ Test "Every presentation opens the exact Session without changing the selected Work" started.
◇ Test "An existing Task checkout remains visible across provider gaps, including completed planning work" started.
◇ Test case passing 1 argument truncated → true to "Incomplete planning preserves the repository's selected Task" started.
◇ Test case passing 1 argument truncated → false to "Incomplete planning preserves the repository's selected Task" started.
◇ Test case passing 1 argument evidence → "unavailable" to "Compact preserves structural distinctions when planning is multiple, partial or unavailable" started.
◇ Test case passing 1 argument hasUnplannedWork → false to "Incomplete planning keeps out-of-plan Work reachable" started.
◇ Test case passing 1 argument hasUnplannedWork → true to "Incomplete planning keeps out-of-plan Work reachable" started.
◇ Test case passing 1 argument hasProject → false to "Compact keeps empty planning subjects available for inspection and conversation" started.
◇ Test case passing 1 argument evidence → "partial" to "Compact preserves structural distinctions when planning is multiple, partial or unavailable" started.
◇ Test case passing 1 argument hasProject → true to "Compact keeps empty planning subjects available for inspection and conversation" started.
◇ Test case passing 1 argument evidence → "multiple" to "Compact preserves structural distinctions when planning is multiple, partial or unavailable" started.
◇ Test "Session list disambiguates same-named conversations and retains unknown ancestry" started.
✔ Test "Compression promotes leaves without changing identity or hiding upcoming Tasks" passed after 0.314 seconds.
✔ Test "Typed durable joins preserve top-level, multiple, completed and unmatched Sessions" passed after 0.314 seconds.
✔ Test "An existing Task checkout remains visible across provider gaps, including completed planning work" passed after 0.314 seconds.
✔ Test "Autonomous, upcoming and human work share stable ranked planning rows" passed after 0.315 seconds.
✔ Test "Session list disambiguates same-named conversations and retains unknown ancestry" passed after 0.314 seconds.
✔ Test "Compact preserves structural distinctions when planning is multiple, partial or unavailable" with 3 test cases passed after 0.315 seconds.
✔ Test "Compact keeps empty planning subjects available for inspection and conversation" with 2 test cases passed after 0.314 seconds.
✔ Test "Presentation and repo changes preserve selection, expansion, search and terminal splits" passed after 0.340 seconds.
✔ Test "Completing a Session removes its link without completing its Task" passed after 0.340 seconds.
✔ Test "New conversation follows the visible subject and repository scope" passed after 0.341 seconds.
✔ Test "Work outside the plan is explained in Wave details without crowding the Task list" passed after 0.429 seconds.
✔ Test "Every presentation opens the exact Session without changing the selected Work" passed after 0.452 seconds.
✔ Test "Task details expose directive and Project proof from the same snapshot" passed after 0.475 seconds.
✔ Test "Returning to a repository retains its last-good Sessions when refresh fails" passed after 0.534 seconds.
✔ Test "Incomplete planning keeps out-of-plan Work reachable" with 2 test cases passed after 0.564 seconds.
✔ Test "Slow planning does not gate Session reading or navigation" passed after 0.565 seconds.
✔ Test "Failed reads keep last-good work and exact Sessions with a visible error" passed after 0.571 seconds.
✔ Test "Session rows restore their shell and companion layout across worktree slots" passed after 1.452 seconds.
✔ Suite "Unified workspace navigation proof" passed after 1.452 seconds.
✔ Test "Incomplete planning preserves the repository's selected Task" with 2 test cases passed after 1.698 seconds.
✔ Suite "Unified Work and Session navigation" passed after 1.698 seconds.
✔ Test run with 19 tests in 2 suites passed after 1.698 seconds.
