Building for debugging...
[0/6] Write sources
[1/6] Write swift-version--58304C5D6DBC2206.txt
[3/6] Compiling LoopflowTests WatchWindowCLIReview.swift
[4/6] Emitting module LoopflowTests
[4/6] Write Objects.LinkFileList
[5/6] Linking LoopflowSwiftPackageTests
Build complete! (1.65s)
Test Suite 'Selected tests' started at 2026-09-24 12:59:21.009.
Test Suite 'LoopflowSwiftPackageTests.xctest' started at 2026-09-24 12:59:21.009.
Test Suite 'LoopflowSwiftPackageTests.xctest' passed at 2026-09-24 12:59:21.009.
	 Executed 0 tests, with 0 failures (0 unexpected) in 0.000 (0.000) seconds
Test Suite 'Selected tests' passed at 2026-09-24 12:59:21.010.
	 Executed 0 tests, with 0 failures (0 unexpected) in 0.000 (0.001) seconds
◇ Test run started.
↳ Testing Library Version: 1501
↳ Target Platform: arm64e-apple-macos14.0
◇ Suite "Watch retention CLI review" started.
◇ Test retentionAndRecovery() started.
✘ Test retentionAndRecovery() recorded an issue at WatchWindowCLIReview.swift:81:9: Expectation failed: (store.output.flatMap(\.retainedRecords).count → 255) == 256
✘ Test retentionAndRecovery() recorded an issue at WatchWindowCLIReview.swift:93:9: Expectation failed: (store.output.flatMap(\.retainedRecords).count → 257) == 258
✘ Test retentionAndRecovery() recorded an issue at WatchWindowCLIReview.swift:96:9: Expectation failed: (store.output.flatMap(\.retainedRecords).count → 257) == 258
PASS real CLI/native histories: 4608 records paged across two Runs -> 4096 retained; Restart recovers 256 early records; both arrivals survive live continuation once; quiet read deduplicates; fresh Watch retains source history
✘ Test retentionAndRecovery() failed after 8.252 seconds with 3 issues.
◇ Test configuredHistory() started.
PASS configured passive history: sources=3, rows=59, invocations=0
✔ Test configuredHistory() passed after 1.215 seconds.
✘ Suite "Watch retention CLI review" failed after 9.468 seconds with 3 issues.
✘ Test run with 2 tests in 1 suite failed after 9.468 seconds with 3 issues.
