[0/1] Planning build
Building for debugging...
[0/5] Write sources
[1/5] Write swift-version--58304C5D6DBC2206.txt
[3/5] Emitting module LoopflowTests
[4/5] Compiling LoopflowTests WorkspaceNavigationProofTests.swift
[4/6] Write Objects.LinkFileList
[5/6] Linking LoopflowSwiftPackageTests
Build complete! (2.41s)
Test Suite 'Selected tests' started at 2026-09-23 19:36:22.544.
Test Suite 'LoopflowSwiftPackageTests.xctest' started at 2026-09-23 19:36:22.545.
Test Suite 'LoopflowSwiftPackageTests.xctest' passed at 2026-09-23 19:36:22.545.
	 Executed 0 tests, with 0 failures (0 unexpected) in 0.000 (0.000) seconds
Test Suite 'Selected tests' passed at 2026-09-23 19:36:22.545.
	 Executed 0 tests, with 0 failures (0 unexpected) in 0.000 (0.001) seconds
◇ Test run started.
↳ Testing Library Version: 1501
↳ Target Platform: arm64e-apple-macos14.0
◇ Suite "Unified workspace navigation proof" started.
◇ Test "The workspace retains navigation and reconciles completion in its originating repository" started.
◇ Test case passing 1 argument switchBeforeCompletion → false to "The workspace retains navigation and reconciles completion in its originating repository" started.
✘ Test "The workspace retains navigation and reconciles completion in its originating repository" recorded an issue with 1 argument switchBeforeCompletion → false at WorkspaceNavigationProofTests.swift:268:9: Expectation failed: an error was thrown when none was expected: "Search did not find a match. Possible blockers: SessionsShortcutMonitor, AccessibilityImageLabel, AccessibilityImageLabel, AccessibilityImageLabel, AccessibilityImageLabel, AccessibilityImageLabel, AccessibilityImageLabel, AccessibilityImageLabel, AccessibilityImageLabel, AccessibilityImageLabel, AccessibilityImageLabel, GhosttyTerminalRepresentable, AccessibilityImageLabel, GhosttyTerminalRepresentable, AccessibilityImageLabel, AccessibilityImageLabel, AccessibilityImageLabel, AccessibilityImageLabel, AccessibilityImageLabel, AccessibilityImageLabel, AccessibilityImageLabel, AccessibilityImageLabel, AccessibilityImageLabel, AccessibilityImageLabel" of type InspectionError
✘ Test "The workspace retains navigation and reconciles completion in its originating repository" recorded an issue with 1 argument switchBeforeCompletion → false at WorkspaceNavigationProofTests.swift:310:9: Expectation failed: an error was thrown when none was expected: "Search did not find a match. Possible blockers: SessionsShortcutMonitor, AccessibilityImageLabel, AccessibilityImageLabel, AccessibilityImageLabel, AccessibilityImageLabel, AccessibilityImageLabel, AccessibilityImageLabel, AccessibilityImageLabel, AccessibilityImageLabel, AccessibilityImageLabel, AccessibilityImageLabel, GhosttyTerminalRepresentable, AccessibilityImageLabel, GhosttyTerminalRepresentable, AccessibilityImageLabel, AccessibilityImageLabel, AccessibilityImageLabel, AccessibilityImageLabel, AccessibilityImageLabel, AccessibilityImageLabel, AccessibilityImageLabel, AccessibilityImageLabel, AccessibilityImageLabel, AccessibilityImageLabel" of type InspectionError
◇ Test case passing 1 argument switchBeforeCompletion → true to "The workspace retains navigation and reconciles completion in its originating repository" started.
✘ Test "The workspace retains navigation and reconciles completion in its originating repository" recorded an issue with 1 argument switchBeforeCompletion → true at WorkspaceNavigationProofTests.swift:268:9: Expectation failed: an error was thrown when none was expected: "Search did not find a match. Possible blockers: SessionsShortcutMonitor, AccessibilityImageLabel, AccessibilityImageLabel, AccessibilityImageLabel, AccessibilityImageLabel, AccessibilityImageLabel, AccessibilityImageLabel, AccessibilityImageLabel, AccessibilityImageLabel, AccessibilityImageLabel, AccessibilityImageLabel, GhosttyTerminalRepresentable, AccessibilityImageLabel, GhosttyTerminalRepresentable, AccessibilityImageLabel, AccessibilityImageLabel, AccessibilityImageLabel, AccessibilityImageLabel, AccessibilityImageLabel, AccessibilityImageLabel, AccessibilityImageLabel, AccessibilityImageLabel, AccessibilityImageLabel, AccessibilityImageLabel" of type InspectionError
✘ Test "The workspace retains navigation and reconciles completion in its originating repository" recorded an issue with 1 argument switchBeforeCompletion → true at WorkspaceNavigationProofTests.swift:310:9: Expectation failed: an error was thrown when none was expected: "Search did not find a match. Possible blockers: SessionsShortcutMonitor, AccessibilityImageLabel, AccessibilityImageLabel, AccessibilityImageLabel, AccessibilityImageLabel, AccessibilityImageLabel, AccessibilityImageLabel, AccessibilityImageLabel, AccessibilityImageLabel, AccessibilityImageLabel, AccessibilityImageLabel, GhosttyTerminalRepresentable, AccessibilityImageLabel, GhosttyTerminalRepresentable, AccessibilityImageLabel, AccessibilityImageLabel, AccessibilityImageLabel, AccessibilityImageLabel, AccessibilityImageLabel, AccessibilityImageLabel, AccessibilityImageLabel, AccessibilityImageLabel, AccessibilityImageLabel, AccessibilityImageLabel" of type InspectionError
✘ Test "The workspace retains navigation and reconciles completion in its originating repository" with 2 test cases failed after 4.837 seconds with 4 issues.
✘ Suite "Unified workspace navigation proof" failed after 4.837 seconds with 4 issues.
✘ Test run with 1 test in 1 suite failed after 4.837 seconds with 4 issues.
