[0/1] Planning build
Building for debugging...
[0/8] Write sources
[3/8] Write swift-version--58304C5D6DBC2206.txt
[5/10] Compiling Loopflow MultiplexerStore.swift
[6/10] Emitting module Loopflow
[7/13] Compiling LoopflowMac SessionsView.swift
[8/13] Emitting module LoopflowMac
[9/13] Compiling LoopflowMac TaskMonitorView.swift
[9/14] Write Objects.LinkFileList
[10/14] Linking LoopflowMac
[11/14] Applying LoopflowMac
[13/21] Compiling LoopflowTests GhosttyTerminalInputTests.swift
[14/21] Compiling LoopflowTests MultiplexerStoreTests.swift
[15/21] Compiling LoopflowTests SessionsPolishTests.swift
[16/21] Compiling LoopflowTests TaskMonitorTests.swift
[17/21] Emitting module LoopflowTests
[18/21] Compiling LoopflowTests WorkspaceNavigationProofTests.swift
[19/21] Compiling LoopflowTests WorkspaceNavigationTests.swift
[20/22] Compiling LoopflowTests WorktreeWorkspaceTests.swift
[20/22] Write Objects.LinkFileList
[21/22] Linking LoopflowSwiftPackageTests
Build complete! (13.06s)
Test Suite 'Selected tests' started at 2026-09-24 14:32:17.433.
Test Suite 'LoopflowSwiftPackageTests.xctest' started at 2026-09-24 14:32:17.434.
Test Suite 'LoopflowSwiftPackageTests.xctest' passed at 2026-09-24 14:32:17.434.
	 Executed 0 tests, with 0 failures (0 unexpected) in 0.000 (0.000) seconds
Test Suite 'Selected tests' passed at 2026-09-24 14:32:17.434.
	 Executed 0 tests, with 0 failures (0 unexpected) in 0.000 (0.001) seconds
◇ Test run started.
↳ Testing Library Version: 1501
↳ Target Platform: arm64e-apple-macos14.0
◇ Suite "Task Monitor" started.
◇ Test "Monitor isolates Task identity and distinguishes stale, incomplete and empty observations" started.
✔ Test "Monitor isolates Task identity and distinguishes stale, incomplete and empty observations" passed after 0.117 seconds.
◇ Test "Monitor shares split, focus, zoom, Close and Undo with terminals" started.
✔ Test "Monitor shares split, focus, zoom, Close and Undo with terminals" passed after 0.001 seconds.
◇ Test "Task selection and Monitor preserve native Session input and its companion" started.
✘ Test "Task selection and Monitor preserve native Session input and its companion" recorded an issue at TaskMonitorTests.swift:122:9: Expectation failed: (window.firstResponder → <LoopflowMac.GhosttyMetalView: 0x1026119f0>) !== (terminals[0] → <LoopflowMac.GhosttyMetalView: 0x1026119f0>)
✘ Test "Task selection and Monitor preserve native Session input and its companion" failed after 1.428 seconds with 1 issue.
✘ Suite "Task Monitor" failed after 1.546 seconds with 1 issue.
✘ Test run with 3 tests in 1 suite failed after 1.546 seconds with 1 issue.
