Building for debugging...
[0/5] Write sources
[1/5] Write swift-version--58304C5D6DBC2206.txt
[3/5] Emitting module LoopflowTests
[4/5] Compiling LoopflowTests WorkspaceNavigationProofTests.swift
[4/6] Write Objects.LinkFileList
[5/6] Linking LoopflowSwiftPackageTests
Build complete! (2.77s)
Test Suite 'Selected tests' started at 2026-09-23 21:22:26.067.
Test Suite 'LoopflowSwiftPackageTests.xctest' started at 2026-09-23 21:22:26.068.
Test Suite 'LoopflowSwiftPackageTests.xctest' passed at 2026-09-23 21:22:26.068.
	 Executed 0 tests, with 0 failures (0 unexpected) in 0.000 (0.000) seconds
Test Suite 'Selected tests' passed at 2026-09-23 21:22:26.068.
	 Executed 0 tests, with 0 failures (0 unexpected) in 0.000 (0.001) seconds
◇ Test run started.
↳ Testing Library Version: 1501
↳ Target Platform: arm64e-apple-macos14.0
◇ Suite "Unified workspace navigation proof" started.
◇ Test "Session rows restore their shell and companion layout across worktree slots" started.
✔ Test "Session rows restore their shell and companion layout across worktree slots" passed after 1.335 seconds.
✔ Suite "Unified workspace navigation proof" passed after 1.335 seconds.
✔ Test run with 1 test in 1 suite passed after 1.335 seconds.
