Owned app PID 87766 AX trust true
Owned AX windows 1 active false
Window 0 PID 87766 equals root true attributes status 0 names Optional(<__NSArrayM 0xbfc808b10>(
AXFunctionRowTopLevelElements,
AXFrame,
AXChildren,
AXFocusedUIElement,
AXFrontmost,
AXRole,
AXExtrasMenuBar,
AXMainWindow,
AXFocusedWindow,
AXTitle,
AXChildrenInNavigationOrder,
AXEnhancedUserInterface,
AXPreferredLanguage,
AXRoleDescription,
AXHidden,
AXMenuBar,
AXWindows,
AXSize,
AXPosition
)
)
window attribute AXRole status 0 value Optional(AXApplication)
window attribute AXTitle status 0 value Optional(Loopflow Proof)
window attribute AXChildren status 0 value Optional(<__NSArrayM 0xbfc808690>(
<AXUIElement Application 0xc00a21b00> {pid=87766},
<AXUIElement 0xc00a202a0> {pid=87766}
)
)
window attribute AXVisible status -25205 value nil
window attribute AXMinimized status -25205 value nil
window attribute AXPosition status -25205 value nil
window attribute AXSize status -25205 value nil
Window descendants 203
AX nodes 203
FAIL configured shared Session count 
Owned app termination requested true
