    Finished `test` profile [unoptimized + debuginfo] target(s) in 0.11s
     Running unittests src/lib.rs (target/debug/deps/loopflow-78d151dc187ea4a1)

running 1 test
DISCOVERY_COST {"cost":{"bytes":43883,"directories":207,"dirty_paths":0,"manifests":2,"process_samples":2,"receipts":304,"rescans":1,"retained":1},"cpu_system_us":7446,"cpu_user_us":180245,"mode":"one_shot","population":100,"process_peak_rss_bytes":38092800,"resident_bytes":38092800,"sample":0,"wall_ms":351.514542}
DISCOVERY_COST {"cost":{"bytes":43883,"directories":207,"dirty_paths":0,"manifests":2,"process_samples":2,"receipts":304,"rescans":1,"retained":1},"cpu_system_us":7342,"cpu_user_us":179682,"mode":"cold","population":100,"process_peak_rss_bytes":38502400,"resident_bytes":38502400,"sample":0,"wall_ms":356.215459}
DISCOVERY_COST {"cost":{"bytes":1372,"directories":0,"dirty_paths":0,"manifests":2,"process_samples":1,"receipts":2,"rescans":0,"retained":1},"cpu_system_us":1133,"cpu_user_us":92371,"mode":"warm","population":100,"process_peak_rss_bytes":38502400,"resident_bytes":38502400,"sample":0,"wall_ms":176.50566700000002}
DISCOVERY_COST {"cost":{"bytes":1372,"directories":0,"dirty_paths":0,"manifests":2,"process_samples":1,"receipts":2,"rescans":0,"retained":1},"cpu_system_us":1132,"cpu_user_us":91781,"mode":"warm","population":100,"process_peak_rss_bytes":38699008,"resident_bytes":38699008,"sample":1,"wall_ms":180.85204199999998}
DISCOVERY_COST {"cost":{"bytes":1372,"directories":0,"dirty_paths":0,"manifests":2,"process_samples":1,"receipts":2,"rescans":0,"retained":1},"cpu_system_us":1195,"cpu_user_us":86288,"mode":"warm","population":100,"process_peak_rss_bytes":40206336,"resident_bytes":40206336,"sample":2,"wall_ms":176.942958}
DISCOVERY_COST {"cost":{"bytes":1372,"directories":0,"dirty_paths":0,"manifests":2,"process_samples":1,"receipts":2,"rescans":0,"retained":1},"cpu_system_us":1071,"cpu_user_us":91714,"mode":"warm","population":100,"process_peak_rss_bytes":40337408,"resident_bytes":40337408,"sample":3,"wall_ms":181.51416700000001}
DISCOVERY_COST {"cost":{"bytes":1372,"directories":0,"dirty_paths":0,"manifests":2,"process_samples":1,"receipts":2,"rescans":0,"retained":1},"cpu_system_us":1056,"cpu_user_us":91894,"mode":"warm","population":100,"process_peak_rss_bytes":41222144,"resident_bytes":41222144,"sample":4,"wall_ms":183.724}
DISCOVERY_COST {"cost":{"bytes":1372,"directories":0,"dirty_paths":0,"manifests":2,"process_samples":1,"receipts":2,"rescans":0,"retained":1},"cpu_system_us":1015,"cpu_user_us":90841,"mode":"warm","population":100,"process_peak_rss_bytes":41222144,"resident_bytes":41222144,"sample":5,"wall_ms":176.255584}
DISCOVERY_COST {"cost":{"bytes":1372,"directories":0,"dirty_paths":0,"manifests":2,"process_samples":1,"receipts":2,"rescans":0,"retained":1},"cpu_system_us":1021,"cpu_user_us":90323,"mode":"warm","population":100,"process_peak_rss_bytes":41222144,"resident_bytes":41222144,"sample":6,"wall_ms":174.52954100000002}
DISCOVERY_COST {"cost":{"bytes":1372,"directories":0,"dirty_paths":0,"manifests":2,"process_samples":1,"receipts":2,"rescans":0,"retained":1},"cpu_system_us":1108,"cpu_user_us":89549,"mode":"warm","population":100,"process_peak_rss_bytes":43745280,"resident_bytes":43745280,"sample":7,"wall_ms":172.394666}
DISCOVERY_COST {"cost":{"bytes":1372,"directories":0,"dirty_paths":0,"manifests":2,"process_samples":1,"receipts":2,"rescans":0,"retained":1},"cpu_system_us":966,"cpu_user_us":89842,"mode":"warm","population":100,"process_peak_rss_bytes":43761664,"resident_bytes":43761664,"sample":8,"wall_ms":172.10887499999998}
DISCOVERY_COST {"cost":{"bytes":1372,"directories":0,"dirty_paths":0,"manifests":2,"process_samples":1,"receipts":2,"rescans":0,"retained":1},"cpu_system_us":1002,"cpu_user_us":89386,"mode":"warm","population":100,"process_peak_rss_bytes":43761664,"resident_bytes":43761664,"sample":9,"wall_ms":172.309417}
DISCOVERY_COST {"cost":{"bytes":1372,"directories":0,"dirty_paths":0,"manifests":2,"process_samples":1,"receipts":2,"rescans":0,"retained":1},"cpu_system_us":967,"cpu_user_us":89108,"mode":"warm","population":100,"process_peak_rss_bytes":43761664,"resident_bytes":43761664,"sample":10,"wall_ms":171.439125}
DISCOVERY_COST {"cost":{"bytes":1372,"directories":0,"dirty_paths":0,"manifests":2,"process_samples":1,"receipts":2,"rescans":0,"retained":1},"cpu_system_us":956,"cpu_user_us":90297,"mode":"warm","population":100,"process_peak_rss_bytes":43761664,"resident_bytes":43761664,"sample":11,"wall_ms":172.68129199999998}
DISCOVERY_COST {"cost":{"bytes":1372,"directories":0,"dirty_paths":0,"manifests":2,"process_samples":1,"receipts":2,"rescans":0,"retained":1},"cpu_system_us":938,"cpu_user_us":89707,"mode":"warm","population":100,"process_peak_rss_bytes":43761664,"resident_bytes":43761664,"sample":12,"wall_ms":172.518125}
DISCOVERY_COST {"cost":{"bytes":1372,"directories":0,"dirty_paths":0,"manifests":2,"process_samples":1,"receipts":2,"rescans":0,"retained":1},"cpu_system_us":927,"cpu_user_us":90082,"mode":"warm","population":100,"process_peak_rss_bytes":43761664,"resident_bytes":43761664,"sample":13,"wall_ms":171.743875}
DISCOVERY_COST {"cost":{"bytes":1372,"directories":0,"dirty_paths":0,"manifests":2,"process_samples":1,"receipts":2,"rescans":0,"retained":1},"cpu_system_us":1209,"cpu_user_us":91274,"mode":"warm","population":100,"process_peak_rss_bytes":43778048,"resident_bytes":43778048,"sample":14,"wall_ms":176.58670800000002}
DISCOVERY_COST {"cost":{"bytes":1372,"directories":0,"dirty_paths":0,"manifests":2,"process_samples":1,"receipts":2,"rescans":0,"retained":1},"cpu_system_us":1162,"cpu_user_us":90521,"mode":"warm","population":100,"process_peak_rss_bytes":43778048,"resident_bytes":43778048,"sample":15,"wall_ms":176.739959}
DISCOVERY_COST {"cost":{"bytes":1372,"directories":0,"dirty_paths":0,"manifests":2,"process_samples":1,"receipts":2,"rescans":0,"retained":1},"cpu_system_us":1062,"cpu_user_us":90657,"mode":"warm","population":100,"process_peak_rss_bytes":43778048,"resident_bytes":43778048,"sample":16,"wall_ms":176.27020800000003}
DISCOVERY_COST {"cost":{"bytes":1372,"directories":0,"dirty_paths":0,"manifests":2,"process_samples":1,"receipts":2,"rescans":0,"retained":1},"cpu_system_us":981,"cpu_user_us":91102,"mode":"warm","population":100,"process_peak_rss_bytes":43778048,"resident_bytes":43778048,"sample":17,"wall_ms":175.24349999999998}
DISCOVERY_COST {"cost":{"bytes":1372,"directories":0,"dirty_paths":0,"manifests":2,"process_samples":1,"receipts":2,"rescans":0,"retained":1},"cpu_system_us":1010,"cpu_user_us":91024,"mode":"warm","population":100,"process_peak_rss_bytes":43794432,"resident_bytes":43794432,"sample":18,"wall_ms":177.876}
DISCOVERY_COST {"cost":{"bytes":1372,"directories":0,"dirty_paths":0,"manifests":2,"process_samples":1,"receipts":2,"rescans":0,"retained":1},"cpu_system_us":1022,"cpu_user_us":90200,"mode":"warm","population":100,"process_peak_rss_bytes":43794432,"resident_bytes":43794432,"sample":19,"wall_ms":175.239583}
DISCOVERY_COST {"cost":{"bytes":1372,"directories":0,"dirty_paths":0,"manifests":2,"process_samples":1,"receipts":2,"rescans":0,"retained":1},"cpu_system_us":1476,"cpu_user_us":91305,"mode":"resume","population":100,"process_peak_rss_bytes":43909120,"resident_bytes":43892736,"sample":0,"wall_ms":189.75683400000003}
DISCOVERY_COST {"cost":{"bytes":2695,"directories":0,"dirty_paths":1,"manifests":4,"process_samples":1,"receipts":5,"rescans":0,"retained":2},"cpu_system_us":2840,"cpu_user_us":182262,"mode":"resume","population":100,"process_peak_rss_bytes":46825472,"resident_bytes":46825472,"sample":1,"wall_ms":365.59466699999996}
DISCOVERY_COST {"cost":{"bytes":45206,"directories":207,"dirty_paths":0,"manifests":4,"process_samples":2,"receipts":307,"rescans":1,"retained":2},"cpu_system_us":6805,"cpu_user_us":180226,"mode":"loss_recovery","population":100,"process_peak_rss_bytes":46858240,"resident_bytes":46858240,"sample":0,"wall_ms":350.599834}
DISCOVERY_COST {"cost":{"bytes":4241594,"directories":20007,"dirty_paths":0,"manifests":2,"process_samples":2,"receipts":30005,"rescans":1,"retained":1},"cpu_system_us":785702,"cpu_user_us":325892,"mode":"one_shot","population":10000,"process_peak_rss_bytes":46989312,"resident_bytes":46989312,"sample":0,"wall_ms":1278.3615}
DISCOVERY_COST {"cost":{"bytes":4241594,"directories":20007,"dirty_paths":0,"manifests":2,"process_samples":2,"receipts":30005,"rescans":1,"retained":1},"cpu_system_us":835326,"cpu_user_us":329376,"mode":"cold","population":10000,"process_peak_rss_bytes":46989312,"resident_bytes":46956544,"sample":0,"wall_ms":1336.0649580000002}
DISCOVERY_COST {"cost":{"bytes":1372,"directories":0,"dirty_paths":0,"manifests":2,"process_samples":1,"receipts":2,"rescans":0,"retained":1},"cpu_system_us":1056,"cpu_user_us":87169,"mode":"warm","population":10000,"process_peak_rss_bytes":46989312,"resident_bytes":46956544,"sample":0,"wall_ms":174.081625}
DISCOVERY_COST {"cost":{"bytes":1372,"directories":0,"dirty_paths":0,"manifests":2,"process_samples":1,"receipts":2,"rescans":0,"retained":1},"cpu_system_us":1140,"cpu_user_us":90726,"mode":"warm","population":10000,"process_peak_rss_bytes":46989312,"resident_bytes":46956544,"sample":1,"wall_ms":177.88104199999998}
DISCOVERY_COST {"cost":{"bytes":1372,"directories":0,"dirty_paths":0,"manifests":2,"process_samples":1,"receipts":2,"rescans":0,"retained":1},"cpu_system_us":1175,"cpu_user_us":90619,"mode":"warm","population":10000,"process_peak_rss_bytes":46989312,"resident_bytes":46956544,"sample":2,"wall_ms":178.38566699999998}
DISCOVERY_COST {"cost":{"bytes":1372,"directories":0,"dirty_paths":0,"manifests":2,"process_samples":1,"receipts":2,"rescans":0,"retained":1},"cpu_system_us":1075,"cpu_user_us":89927,"mode":"warm","population":10000,"process_peak_rss_bytes":46989312,"resident_bytes":46956544,"sample":3,"wall_ms":176.456042}
DISCOVERY_COST {"cost":{"bytes":1372,"directories":0,"dirty_paths":0,"manifests":2,"process_samples":1,"receipts":2,"rescans":0,"retained":1},"cpu_system_us":1056,"cpu_user_us":90424,"mode":"warm","population":10000,"process_peak_rss_bytes":46989312,"resident_bytes":46956544,"sample":4,"wall_ms":176.609208}
DISCOVERY_COST {"cost":{"bytes":1372,"directories":0,"dirty_paths":0,"manifests":2,"process_samples":1,"receipts":2,"rescans":0,"retained":1},"cpu_system_us":982,"cpu_user_us":90857,"mode":"warm","population":10000,"process_peak_rss_bytes":46989312,"resident_bytes":46956544,"sample":5,"wall_ms":177.548667}
DISCOVERY_COST {"cost":{"bytes":1372,"directories":0,"dirty_paths":0,"manifests":2,"process_samples":1,"receipts":2,"rescans":0,"retained":1},"cpu_system_us":1053,"cpu_user_us":91851,"mode":"warm","population":10000,"process_peak_rss_bytes":46989312,"resident_bytes":46956544,"sample":6,"wall_ms":179.975208}
DISCOVERY_COST {"cost":{"bytes":1372,"directories":0,"dirty_paths":0,"manifests":2,"process_samples":1,"receipts":2,"rescans":0,"retained":1},"cpu_system_us":978,"cpu_user_us":91225,"mode":"warm","population":10000,"process_peak_rss_bytes":46989312,"resident_bytes":46956544,"sample":7,"wall_ms":178.37487499999997}
DISCOVERY_COST {"cost":{"bytes":1372,"directories":0,"dirty_paths":0,"manifests":2,"process_samples":1,"receipts":2,"rescans":0,"retained":1},"cpu_system_us":1008,"cpu_user_us":91276,"mode":"warm","population":10000,"process_peak_rss_bytes":46989312,"resident_bytes":46956544,"sample":8,"wall_ms":178.644667}
DISCOVERY_COST {"cost":{"bytes":1372,"directories":0,"dirty_paths":0,"manifests":2,"process_samples":1,"receipts":2,"rescans":0,"retained":1},"cpu_system_us":958,"cpu_user_us":91493,"mode":"warm","population":10000,"process_peak_rss_bytes":46989312,"resident_bytes":46956544,"sample":9,"wall_ms":179.41125}
DISCOVERY_COST {"cost":{"bytes":1372,"directories":0,"dirty_paths":0,"manifests":2,"process_samples":1,"receipts":2,"rescans":0,"retained":1},"cpu_system_us":1033,"cpu_user_us":91225,"mode":"warm","population":10000,"process_peak_rss_bytes":46989312,"resident_bytes":46956544,"sample":10,"wall_ms":176.656792}
DISCOVERY_COST {"cost":{"bytes":1372,"directories":0,"dirty_paths":0,"manifests":2,"process_samples":1,"receipts":2,"rescans":0,"retained":1},"cpu_system_us":1045,"cpu_user_us":90916,"mode":"warm","population":10000,"process_peak_rss_bytes":46989312,"resident_bytes":46956544,"sample":11,"wall_ms":176.760709}
DISCOVERY_COST {"cost":{"bytes":1372,"directories":0,"dirty_paths":0,"manifests":2,"process_samples":1,"receipts":2,"rescans":0,"retained":1},"cpu_system_us":987,"cpu_user_us":90142,"mode":"warm","population":10000,"process_peak_rss_bytes":46989312,"resident_bytes":46956544,"sample":12,"wall_ms":175.602792}
DISCOVERY_COST {"cost":{"bytes":1372,"directories":0,"dirty_paths":0,"manifests":2,"process_samples":1,"receipts":2,"rescans":0,"retained":1},"cpu_system_us":1137,"cpu_user_us":91337,"mode":"warm","population":10000,"process_peak_rss_bytes":47022080,"resident_bytes":47022080,"sample":13,"wall_ms":177.348166}
DISCOVERY_COST {"cost":{"bytes":1372,"directories":0,"dirty_paths":0,"manifests":2,"process_samples":1,"receipts":2,"rescans":0,"retained":1},"cpu_system_us":1049,"cpu_user_us":90686,"mode":"warm","population":10000,"process_peak_rss_bytes":47022080,"resident_bytes":47022080,"sample":14,"wall_ms":180.494}
DISCOVERY_COST {"cost":{"bytes":1372,"directories":0,"dirty_paths":0,"manifests":2,"process_samples":1,"receipts":2,"rescans":0,"retained":1},"cpu_system_us":1122,"cpu_user_us":91528,"mode":"warm","population":10000,"process_peak_rss_bytes":47022080,"resident_bytes":47022080,"sample":15,"wall_ms":180.106458}
DISCOVERY_COST {"cost":{"bytes":1372,"directories":0,"dirty_paths":0,"manifests":2,"process_samples":1,"receipts":2,"rescans":0,"retained":1},"cpu_system_us":1095,"cpu_user_us":90212,"mode":"warm","population":10000,"process_peak_rss_bytes":47022080,"resident_bytes":47022080,"sample":16,"wall_ms":177.092208}
DISCOVERY_COST {"cost":{"bytes":1372,"directories":0,"dirty_paths":0,"manifests":2,"process_samples":1,"receipts":2,"rescans":0,"retained":1},"cpu_system_us":1065,"cpu_user_us":90161,"mode":"warm","population":10000,"process_peak_rss_bytes":47022080,"resident_bytes":47022080,"sample":17,"wall_ms":176.376458}
DISCOVERY_COST {"cost":{"bytes":1372,"directories":0,"dirty_paths":0,"manifests":2,"process_samples":1,"receipts":2,"rescans":0,"retained":1},"cpu_system_us":997,"cpu_user_us":90743,"mode":"warm","population":10000,"process_peak_rss_bytes":47022080,"resident_bytes":47022080,"sample":18,"wall_ms":176.803042}
DISCOVERY_COST {"cost":{"bytes":1372,"directories":0,"dirty_paths":0,"manifests":2,"process_samples":1,"receipts":2,"rescans":0,"retained":1},"cpu_system_us":1055,"cpu_user_us":90500,"mode":"warm","population":10000,"process_peak_rss_bytes":47022080,"resident_bytes":47022080,"sample":19,"wall_ms":177.55874999999997}
DISCOVERY_COST {"cost":{"bytes":1372,"directories":0,"dirty_paths":0,"manifests":2,"process_samples":1,"receipts":2,"rescans":0,"retained":1},"cpu_system_us":1539,"cpu_user_us":91416,"mode":"resume","population":10000,"process_peak_rss_bytes":47104000,"resident_bytes":47038464,"sample":0,"wall_ms":191.34979199999998}
DISCOVERY_COST {"cost":{"bytes":2695,"directories":0,"dirty_paths":1,"manifests":4,"process_samples":1,"receipts":5,"rescans":0,"retained":2},"cpu_system_us":2735,"cpu_user_us":182453,"mode":"resume","population":10000,"process_peak_rss_bytes":47104000,"resident_bytes":47038464,"sample":1,"wall_ms":368.65999999999997}
DISCOVERY_COST {"cost":{"bytes":4242917,"directories":20007,"dirty_paths":0,"manifests":4,"process_samples":2,"receipts":30008,"rescans":1,"retained":2},"cpu_system_us":832440,"cpu_user_us":335740,"mode":"loss_recovery","population":10000,"process_peak_rss_bytes":47841280,"resident_bytes":47841280,"sample":0,"wall_ms":1342.957792}
test run_record::active::reader::tests::discovery_cost_matrix has been running for over 60 seconds
DISCOVERY_COST {"cost":{"bytes":42401705,"directories":200007,"dirty_paths":0,"manifests":2,"process_samples":2,"receipts":300006,"rescans":1,"retained":1},"cpu_system_us":14395107,"cpu_user_us":2192324,"mode":"one_shot","population":100000,"process_peak_rss_bytes":47890432,"resident_bytes":47857664,"sample":0,"wall_ms":52609.860167}
DISCOVERY_COST {"cost":{"bytes":42401705,"directories":200007,"dirty_paths":0,"manifests":2,"process_samples":2,"receipts":300006,"rescans":1,"retained":1},"cpu_system_us":14349846,"cpu_user_us":2164179,"mode":"cold","population":100000,"process_peak_rss_bytes":47955968,"resident_bytes":47955968,"sample":0,"wall_ms":51576.262624999996}
DISCOVERY_COST {"cost":{"bytes":1372,"directories":0,"dirty_paths":0,"manifests":2,"process_samples":1,"receipts":2,"rescans":0,"retained":1},"cpu_system_us":931,"cpu_user_us":89865,"mode":"warm","population":100000,"process_peak_rss_bytes":47955968,"resident_bytes":47955968,"sample":0,"wall_ms":178.31762500000002}
DISCOVERY_COST {"cost":{"bytes":1372,"directories":0,"dirty_paths":0,"manifests":2,"process_samples":1,"receipts":2,"rescans":0,"retained":1},"cpu_system_us":866,"cpu_user_us":86160,"mode":"warm","population":100000,"process_peak_rss_bytes":47955968,"resident_bytes":47955968,"sample":1,"wall_ms":169.564041}
DISCOVERY_COST {"cost":{"bytes":1372,"directories":0,"dirty_paths":0,"manifests":2,"process_samples":1,"receipts":2,"rescans":0,"retained":1},"cpu_system_us":1047,"cpu_user_us":89911,"mode":"warm","population":100000,"process_peak_rss_bytes":47955968,"resident_bytes":47955968,"sample":2,"wall_ms":174.00791700000002}
DISCOVERY_COST {"cost":{"bytes":1372,"directories":0,"dirty_paths":0,"manifests":2,"process_samples":1,"receipts":2,"rescans":0,"retained":1},"cpu_system_us":1223,"cpu_user_us":89597,"mode":"warm","population":100000,"process_peak_rss_bytes":47955968,"resident_bytes":47955968,"sample":3,"wall_ms":172.672708}
DISCOVERY_COST {"cost":{"bytes":1372,"directories":0,"dirty_paths":0,"manifests":2,"process_samples":1,"receipts":2,"rescans":0,"retained":1},"cpu_system_us":1047,"cpu_user_us":89693,"mode":"warm","population":100000,"process_peak_rss_bytes":47955968,"resident_bytes":47955968,"sample":4,"wall_ms":174.483375}
DISCOVERY_COST {"cost":{"bytes":1372,"directories":0,"dirty_paths":0,"manifests":2,"process_samples":1,"receipts":2,"rescans":0,"retained":1},"cpu_system_us":1020,"cpu_user_us":89250,"mode":"warm","population":100000,"process_peak_rss_bytes":47955968,"resident_bytes":47955968,"sample":5,"wall_ms":172.66637500000002}
DISCOVERY_COST {"cost":{"bytes":1372,"directories":0,"dirty_paths":0,"manifests":2,"process_samples":1,"receipts":2,"rescans":0,"retained":1},"cpu_system_us":996,"cpu_user_us":90428,"mode":"warm","population":100000,"process_peak_rss_bytes":47955968,"resident_bytes":47955968,"sample":6,"wall_ms":173.017291}
DISCOVERY_COST {"cost":{"bytes":1372,"directories":0,"dirty_paths":0,"manifests":2,"process_samples":1,"receipts":2,"rescans":0,"retained":1},"cpu_system_us":1209,"cpu_user_us":90045,"mode":"warm","population":100000,"process_peak_rss_bytes":47955968,"resident_bytes":47955968,"sample":7,"wall_ms":172.966333}
DISCOVERY_COST {"cost":{"bytes":1372,"directories":0,"dirty_paths":0,"manifests":2,"process_samples":1,"receipts":2,"rescans":0,"retained":1},"cpu_system_us":995,"cpu_user_us":89877,"mode":"warm","population":100000,"process_peak_rss_bytes":47955968,"resident_bytes":47955968,"sample":8,"wall_ms":174.61016700000002}
DISCOVERY_COST {"cost":{"bytes":1372,"directories":0,"dirty_paths":0,"manifests":2,"process_samples":1,"receipts":2,"rescans":0,"retained":1},"cpu_system_us":1136,"cpu_user_us":89312,"mode":"warm","population":100000,"process_peak_rss_bytes":47955968,"resident_bytes":47955968,"sample":9,"wall_ms":173.619708}
DISCOVERY_COST {"cost":{"bytes":1372,"directories":0,"dirty_paths":0,"manifests":2,"process_samples":1,"receipts":2,"rescans":0,"retained":1},"cpu_system_us":1210,"cpu_user_us":89448,"mode":"warm","population":100000,"process_peak_rss_bytes":47955968,"resident_bytes":47955968,"sample":10,"wall_ms":173.656667}
DISCOVERY_COST {"cost":{"bytes":1372,"directories":0,"dirty_paths":0,"manifests":2,"process_samples":1,"receipts":2,"rescans":0,"retained":1},"cpu_system_us":989,"cpu_user_us":89001,"mode":"warm","population":100000,"process_peak_rss_bytes":47955968,"resident_bytes":47955968,"sample":11,"wall_ms":170.95725000000002}
DISCOVERY_COST {"cost":{"bytes":1372,"directories":0,"dirty_paths":0,"manifests":2,"process_samples":1,"receipts":2,"rescans":0,"retained":1},"cpu_system_us":1076,"cpu_user_us":89989,"mode":"warm","population":100000,"process_peak_rss_bytes":47955968,"resident_bytes":47955968,"sample":12,"wall_ms":174.728208}
DISCOVERY_COST {"cost":{"bytes":1372,"directories":0,"dirty_paths":0,"manifests":2,"process_samples":1,"receipts":2,"rescans":0,"retained":1},"cpu_system_us":1056,"cpu_user_us":91353,"mode":"warm","population":100000,"process_peak_rss_bytes":47955968,"resident_bytes":47955968,"sample":13,"wall_ms":177.316167}
DISCOVERY_COST {"cost":{"bytes":1372,"directories":0,"dirty_paths":0,"manifests":2,"process_samples":1,"receipts":2,"rescans":0,"retained":1},"cpu_system_us":1254,"cpu_user_us":89306,"mode":"warm","population":100000,"process_peak_rss_bytes":47955968,"resident_bytes":47955968,"sample":14,"wall_ms":175.160667}
DISCOVERY_COST {"cost":{"bytes":1372,"directories":0,"dirty_paths":0,"manifests":2,"process_samples":1,"receipts":2,"rescans":0,"retained":1},"cpu_system_us":947,"cpu_user_us":90651,"mode":"warm","population":100000,"process_peak_rss_bytes":47955968,"resident_bytes":47955968,"sample":15,"wall_ms":174.775083}
DISCOVERY_COST {"cost":{"bytes":1372,"directories":0,"dirty_paths":0,"manifests":2,"process_samples":1,"receipts":2,"rescans":0,"retained":1},"cpu_system_us":961,"cpu_user_us":87456,"mode":"warm","population":100000,"process_peak_rss_bytes":47955968,"resident_bytes":47955968,"sample":16,"wall_ms":172.214708}
DISCOVERY_COST {"cost":{"bytes":1372,"directories":0,"dirty_paths":0,"manifests":2,"process_samples":1,"receipts":2,"rescans":0,"retained":1},"cpu_system_us":1003,"cpu_user_us":86708,"mode":"warm","population":100000,"process_peak_rss_bytes":47955968,"resident_bytes":47955968,"sample":17,"wall_ms":169.707209}
DISCOVERY_COST {"cost":{"bytes":1372,"directories":0,"dirty_paths":0,"manifests":2,"process_samples":1,"receipts":2,"rescans":0,"retained":1},"cpu_system_us":987,"cpu_user_us":90461,"mode":"warm","population":100000,"process_peak_rss_bytes":47955968,"resident_bytes":47955968,"sample":18,"wall_ms":175.717541}
DISCOVERY_COST {"cost":{"bytes":1372,"directories":0,"dirty_paths":0,"manifests":2,"process_samples":1,"receipts":2,"rescans":0,"retained":1},"cpu_system_us":1159,"cpu_user_us":89483,"mode":"warm","population":100000,"process_peak_rss_bytes":47955968,"resident_bytes":47955968,"sample":19,"wall_ms":173.340875}
DISCOVERY_COST {"cost":{"bytes":1372,"directories":0,"dirty_paths":0,"manifests":2,"process_samples":1,"receipts":2,"rescans":0,"retained":1},"cpu_system_us":1543,"cpu_user_us":89017,"mode":"resume","population":100000,"process_peak_rss_bytes":48021504,"resident_bytes":47955968,"sample":0,"wall_ms":182.653375}
DISCOVERY_COST {"cost":{"bytes":2695,"directories":0,"dirty_paths":1,"manifests":4,"process_samples":1,"receipts":5,"rescans":0,"retained":2},"cpu_system_us":2704,"cpu_user_us":179247,"mode":"resume","population":100000,"process_peak_rss_bytes":48021504,"resident_bytes":47955968,"sample":1,"wall_ms":356.5175}
DISCOVERY_COST {"cost":{"bytes":42403028,"directories":200007,"dirty_paths":0,"manifests":4,"process_samples":2,"receipts":300009,"rescans":1,"retained":2},"cpu_system_us":14064093,"cpu_user_us":2175958,"mode":"loss_recovery","population":100000,"process_peak_rss_bytes":48021504,"resident_bytes":47955968,"sample":0,"wall_ms":49087.498250000004}
DISCOVERY_COST {"cost":{"bytes":42403139,"directories":200007,"dirty_paths":0,"manifests":4,"process_samples":2,"receipts":300010,"rescans":1,"retained":2},"cpu_system_us":14166769,"cpu_user_us":2136059,"mode":"cold_race","population":100000,"process_peak_rss_bytes":48185344,"resident_bytes":48185344,"sample":0,"wall_ms":52121.526542}
DISCOVERY_COST {"cost":{"bytes":0,"directories":0,"dirty_paths":0,"manifests":0,"process_samples":1,"receipts":0,"rescans":1,"retained":0},"cpu_system_us":919,"cpu_user_us":88543,"mode":"cancel_scan","population":100000,"process_peak_rss_bytes":48349184,"resident_bytes":48349184,"sample":0,"wall_ms":175.171083}
test run_record::active::reader::tests::discovery_cost_matrix ... ok

test result: ok. 1 passed; 0 failed; 0 ignored; 0 measured; 1590 filtered out; finished in 342.84s

