    Finished `test` profile [unoptimized + debuginfo] target(s) in 0.09s
     Running unittests src/lib.rs (target/debug/deps/loopflow-78d151dc187ea4a1)

running 1 test
DISCOVERY_COST {"cost":{"bytes":43883,"directories":207,"dirty_paths":0,"manifests":2,"process_samples":2,"receipts":304,"rescans":1,"retained":1},"cpu_system_us":46343,"cpu_user_us":1743705,"mode":"one_shot","population":100,"process_peak_rss_bytes":38699008,"sample":0,"wall_ms":362.22779199999997}
DISCOVERY_COST {"cost":{"bytes":43883,"directories":207,"dirty_paths":0,"manifests":2,"process_samples":2,"receipts":304,"rescans":1,"retained":1},"cpu_system_us":58172,"cpu_user_us":1934032,"mode":"cold","population":100,"process_peak_rss_bytes":39108608,"sample":0,"wall_ms":368.867292}
DISCOVERY_COST {"cost":{"bytes":1372,"directories":0,"dirty_paths":0,"manifests":2,"process_samples":1,"receipts":2,"rescans":0,"retained":1},"cpu_system_us":59546,"cpu_user_us":2029122,"mode":"warm","population":100,"process_peak_rss_bytes":39124992,"sample":0,"wall_ms":178.520083}
DISCOVERY_COST {"cost":{"bytes":1372,"directories":0,"dirty_paths":0,"manifests":2,"process_samples":1,"receipts":2,"rescans":0,"retained":1},"cpu_system_us":60683,"cpu_user_us":2125017,"mode":"warm","population":100,"process_peak_rss_bytes":39141376,"sample":1,"wall_ms":179.856416}
DISCOVERY_COST {"cost":{"bytes":1372,"directories":0,"dirty_paths":0,"manifests":2,"process_samples":1,"receipts":2,"rescans":0,"retained":1},"cpu_system_us":61825,"cpu_user_us":2221188,"mode":"warm","population":100,"process_peak_rss_bytes":39157760,"sample":2,"wall_ms":182.18504199999998}
DISCOVERY_COST {"cost":{"bytes":1372,"directories":0,"dirty_paths":0,"manifests":2,"process_samples":1,"receipts":2,"rescans":0,"retained":1},"cpu_system_us":63287,"cpu_user_us":2316672,"mode":"warm","population":100,"process_peak_rss_bytes":39157760,"sample":3,"wall_ms":180.041166}
DISCOVERY_COST {"cost":{"bytes":1372,"directories":0,"dirty_paths":0,"manifests":2,"process_samples":1,"receipts":2,"rescans":0,"retained":1},"cpu_system_us":64515,"cpu_user_us":2413186,"mode":"warm","population":100,"process_peak_rss_bytes":39157760,"sample":4,"wall_ms":168.898791}
DISCOVERY_COST {"cost":{"bytes":1372,"directories":0,"dirty_paths":0,"manifests":2,"process_samples":1,"receipts":2,"rescans":0,"retained":1},"cpu_system_us":65740,"cpu_user_us":2509544,"mode":"warm","population":100,"process_peak_rss_bytes":39157760,"sample":5,"wall_ms":181.294291}
DISCOVERY_COST {"cost":{"bytes":1372,"directories":0,"dirty_paths":0,"manifests":2,"process_samples":1,"receipts":2,"rescans":0,"retained":1},"cpu_system_us":67159,"cpu_user_us":2604834,"mode":"warm","population":100,"process_peak_rss_bytes":39157760,"sample":6,"wall_ms":181.078417}
DISCOVERY_COST {"cost":{"bytes":1372,"directories":0,"dirty_paths":0,"manifests":2,"process_samples":1,"receipts":2,"rescans":0,"retained":1},"cpu_system_us":68628,"cpu_user_us":2701019,"mode":"warm","population":100,"process_peak_rss_bytes":39157760,"sample":7,"wall_ms":180.684125}
DISCOVERY_COST {"cost":{"bytes":1372,"directories":0,"dirty_paths":0,"manifests":2,"process_samples":1,"receipts":2,"rescans":0,"retained":1},"cpu_system_us":69984,"cpu_user_us":2797499,"mode":"warm","population":100,"process_peak_rss_bytes":39174144,"sample":8,"wall_ms":181.458417}
DISCOVERY_COST {"cost":{"bytes":1372,"directories":0,"dirty_paths":0,"manifests":2,"process_samples":1,"receipts":2,"rescans":0,"retained":1},"cpu_system_us":71464,"cpu_user_us":2892074,"mode":"warm","population":100,"process_peak_rss_bytes":39174144,"sample":9,"wall_ms":177.576375}
DISCOVERY_COST {"cost":{"bytes":1372,"directories":0,"dirty_paths":0,"manifests":2,"process_samples":1,"receipts":2,"rescans":0,"retained":1},"cpu_system_us":72811,"cpu_user_us":2986941,"mode":"warm","population":100,"process_peak_rss_bytes":39174144,"sample":10,"wall_ms":178.60008399999998}
DISCOVERY_COST {"cost":{"bytes":1372,"directories":0,"dirty_paths":0,"manifests":2,"process_samples":1,"receipts":2,"rescans":0,"retained":1},"cpu_system_us":74190,"cpu_user_us":3081477,"mode":"warm","population":100,"process_peak_rss_bytes":39174144,"sample":11,"wall_ms":177.861833}
DISCOVERY_COST {"cost":{"bytes":1372,"directories":0,"dirty_paths":0,"manifests":2,"process_samples":1,"receipts":2,"rescans":0,"retained":1},"cpu_system_us":75655,"cpu_user_us":3176348,"mode":"warm","population":100,"process_peak_rss_bytes":39174144,"sample":12,"wall_ms":179.348541}
DISCOVERY_COST {"cost":{"bytes":1372,"directories":0,"dirty_paths":0,"manifests":2,"process_samples":1,"receipts":2,"rescans":0,"retained":1},"cpu_system_us":76971,"cpu_user_us":3271176,"mode":"warm","population":100,"process_peak_rss_bytes":39174144,"sample":13,"wall_ms":177.612583}
DISCOVERY_COST {"cost":{"bytes":1372,"directories":0,"dirty_paths":0,"manifests":2,"process_samples":1,"receipts":2,"rescans":0,"retained":1},"cpu_system_us":78007,"cpu_user_us":3366871,"mode":"warm","population":100,"process_peak_rss_bytes":39174144,"sample":14,"wall_ms":179.918084}
DISCOVERY_COST {"cost":{"bytes":1372,"directories":0,"dirty_paths":0,"manifests":2,"process_samples":1,"receipts":2,"rescans":0,"retained":1},"cpu_system_us":79336,"cpu_user_us":3464180,"mode":"warm","population":100,"process_peak_rss_bytes":39174144,"sample":15,"wall_ms":182.44}
DISCOVERY_COST {"cost":{"bytes":1372,"directories":0,"dirty_paths":0,"manifests":2,"process_samples":1,"receipts":2,"rescans":0,"retained":1},"cpu_system_us":80617,"cpu_user_us":3560001,"mode":"warm","population":100,"process_peak_rss_bytes":39174144,"sample":16,"wall_ms":180.43541699999997}
DISCOVERY_COST {"cost":{"bytes":1372,"directories":0,"dirty_paths":0,"manifests":2,"process_samples":1,"receipts":2,"rescans":0,"retained":1},"cpu_system_us":81791,"cpu_user_us":3655738,"mode":"warm","population":100,"process_peak_rss_bytes":39174144,"sample":17,"wall_ms":179.770916}
DISCOVERY_COST {"cost":{"bytes":1372,"directories":0,"dirty_paths":0,"manifests":2,"process_samples":1,"receipts":2,"rescans":0,"retained":1},"cpu_system_us":83153,"cpu_user_us":3753353,"mode":"warm","population":100,"process_peak_rss_bytes":42303488,"sample":18,"wall_ms":181.943584}
DISCOVERY_COST {"cost":{"bytes":1372,"directories":0,"dirty_paths":0,"manifests":2,"process_samples":1,"receipts":2,"rescans":0,"retained":1},"cpu_system_us":84250,"cpu_user_us":3810671,"mode":"warm","population":100,"process_peak_rss_bytes":42532864,"sample":19,"wall_ms":131.986333}
DISCOVERY_COST {"cost":{"bytes":2695,"directories":0,"dirty_paths":1,"manifests":4,"process_samples":1,"receipts":5,"rescans":0,"retained":2},"cpu_system_us":87285,"cpu_user_us":4007459,"mode":"resume","population":100,"process_peak_rss_bytes":43335680,"sample":0,"wall_ms":404.045458}
DISCOVERY_COST {"cost":{"bytes":45206,"directories":207,"dirty_paths":0,"manifests":4,"process_samples":2,"receipts":307,"rescans":1,"retained":2},"cpu_system_us":95176,"cpu_user_us":4204804,"mode":"loss_recovery","population":100,"process_peak_rss_bytes":45481984,"sample":0,"wall_ms":377.3595}
DISCOVERY_COST {"cost":{"bytes":4241594,"directories":20007,"dirty_paths":0,"manifests":2,"process_samples":2,"receipts":30005,"rescans":1,"retained":1},"cpu_system_us":3920061,"cpu_user_us":4730446,"mode":"one_shot","population":10000,"process_peak_rss_bytes":45613056,"sample":0,"wall_ms":1300.907625}
DISCOVERY_COST {"cost":{"bytes":4241594,"directories":20007,"dirty_paths":0,"manifests":2,"process_samples":2,"receipts":30005,"rescans":1,"retained":1},"cpu_system_us":4720996,"cpu_user_us":5070535,"mode":"cold","population":10000,"process_peak_rss_bytes":45645824,"sample":0,"wall_ms":1320.4015}
DISCOVERY_COST {"cost":{"bytes":1372,"directories":0,"dirty_paths":0,"manifests":2,"process_samples":1,"receipts":2,"rescans":0,"retained":1},"cpu_system_us":4722217,"cpu_user_us":5168016,"mode":"warm","population":10000,"process_peak_rss_bytes":45645824,"sample":0,"wall_ms":181.429292}
DISCOVERY_COST {"cost":{"bytes":1372,"directories":0,"dirty_paths":0,"manifests":2,"process_samples":1,"receipts":2,"rescans":0,"retained":1},"cpu_system_us":4723295,"cpu_user_us":5264486,"mode":"warm","population":10000,"process_peak_rss_bytes":45645824,"sample":1,"wall_ms":182.311792}
DISCOVERY_COST {"cost":{"bytes":1372,"directories":0,"dirty_paths":0,"manifests":2,"process_samples":1,"receipts":2,"rescans":0,"retained":1},"cpu_system_us":4724381,"cpu_user_us":5355667,"mode":"warm","population":10000,"process_peak_rss_bytes":45645824,"sample":2,"wall_ms":174.71437500000002}
DISCOVERY_COST {"cost":{"bytes":1372,"directories":0,"dirty_paths":0,"manifests":2,"process_samples":1,"receipts":2,"rescans":0,"retained":1},"cpu_system_us":4725412,"cpu_user_us":5451407,"mode":"warm","population":10000,"process_peak_rss_bytes":45645824,"sample":3,"wall_ms":180.049916}
DISCOVERY_COST {"cost":{"bytes":1372,"directories":0,"dirty_paths":0,"manifests":2,"process_samples":1,"receipts":2,"rescans":0,"retained":1},"cpu_system_us":4726855,"cpu_user_us":5546119,"mode":"warm","population":10000,"process_peak_rss_bytes":45645824,"sample":4,"wall_ms":181.06254099999998}
DISCOVERY_COST {"cost":{"bytes":1372,"directories":0,"dirty_paths":0,"manifests":2,"process_samples":1,"receipts":2,"rescans":0,"retained":1},"cpu_system_us":4728240,"cpu_user_us":5640867,"mode":"warm","population":10000,"process_peak_rss_bytes":45645824,"sample":5,"wall_ms":178.489167}
DISCOVERY_COST {"cost":{"bytes":1372,"directories":0,"dirty_paths":0,"manifests":2,"process_samples":1,"receipts":2,"rescans":0,"retained":1},"cpu_system_us":4729299,"cpu_user_us":5737034,"mode":"warm","population":10000,"process_peak_rss_bytes":45645824,"sample":6,"wall_ms":179.718917}
DISCOVERY_COST {"cost":{"bytes":1372,"directories":0,"dirty_paths":0,"manifests":2,"process_samples":1,"receipts":2,"rescans":0,"retained":1},"cpu_system_us":4730496,"cpu_user_us":5834004,"mode":"warm","population":10000,"process_peak_rss_bytes":45645824,"sample":7,"wall_ms":182.95987499999998}
DISCOVERY_COST {"cost":{"bytes":1372,"directories":0,"dirty_paths":0,"manifests":2,"process_samples":1,"receipts":2,"rescans":0,"retained":1},"cpu_system_us":4731834,"cpu_user_us":5930226,"mode":"warm","population":10000,"process_peak_rss_bytes":45645824,"sample":8,"wall_ms":181.49025}
DISCOVERY_COST {"cost":{"bytes":1372,"directories":0,"dirty_paths":0,"manifests":2,"process_samples":1,"receipts":2,"rescans":0,"retained":1},"cpu_system_us":4733140,"cpu_user_us":6026131,"mode":"warm","population":10000,"process_peak_rss_bytes":45645824,"sample":9,"wall_ms":182.58675}
DISCOVERY_COST {"cost":{"bytes":1372,"directories":0,"dirty_paths":0,"manifests":2,"process_samples":1,"receipts":2,"rescans":0,"retained":1},"cpu_system_us":4734514,"cpu_user_us":6124201,"mode":"warm","population":10000,"process_peak_rss_bytes":45645824,"sample":10,"wall_ms":184.82637499999998}
DISCOVERY_COST {"cost":{"bytes":1372,"directories":0,"dirty_paths":0,"manifests":2,"process_samples":1,"receipts":2,"rescans":0,"retained":1},"cpu_system_us":4735998,"cpu_user_us":6220017,"mode":"warm","population":10000,"process_peak_rss_bytes":45645824,"sample":11,"wall_ms":183.28341700000001}
DISCOVERY_COST {"cost":{"bytes":1372,"directories":0,"dirty_paths":0,"manifests":2,"process_samples":1,"receipts":2,"rescans":0,"retained":1},"cpu_system_us":4737263,"cpu_user_us":6312917,"mode":"warm","population":10000,"process_peak_rss_bytes":45645824,"sample":12,"wall_ms":176.581416}
DISCOVERY_COST {"cost":{"bytes":1372,"directories":0,"dirty_paths":0,"manifests":2,"process_samples":1,"receipts":2,"rescans":0,"retained":1},"cpu_system_us":4738406,"cpu_user_us":6410077,"mode":"warm","population":10000,"process_peak_rss_bytes":45645824,"sample":13,"wall_ms":184.068375}
DISCOVERY_COST {"cost":{"bytes":1372,"directories":0,"dirty_paths":0,"manifests":2,"process_samples":1,"receipts":2,"rescans":0,"retained":1},"cpu_system_us":4739408,"cpu_user_us":6497224,"mode":"warm","population":10000,"process_peak_rss_bytes":45645824,"sample":14,"wall_ms":171.564958}
DISCOVERY_COST {"cost":{"bytes":1372,"directories":0,"dirty_paths":0,"manifests":2,"process_samples":1,"receipts":2,"rescans":0,"retained":1},"cpu_system_us":4740580,"cpu_user_us":6595527,"mode":"warm","population":10000,"process_peak_rss_bytes":45645824,"sample":15,"wall_ms":185.382666}
DISCOVERY_COST {"cost":{"bytes":1372,"directories":0,"dirty_paths":0,"manifests":2,"process_samples":1,"receipts":2,"rescans":0,"retained":1},"cpu_system_us":4741768,"cpu_user_us":6692842,"mode":"warm","population":10000,"process_peak_rss_bytes":45645824,"sample":16,"wall_ms":183.120541}
DISCOVERY_COST {"cost":{"bytes":1372,"directories":0,"dirty_paths":0,"manifests":2,"process_samples":1,"receipts":2,"rescans":0,"retained":1},"cpu_system_us":4742934,"cpu_user_us":6789709,"mode":"warm","population":10000,"process_peak_rss_bytes":45645824,"sample":17,"wall_ms":184.82679199999998}
DISCOVERY_COST {"cost":{"bytes":1372,"directories":0,"dirty_paths":0,"manifests":2,"process_samples":1,"receipts":2,"rescans":0,"retained":1},"cpu_system_us":4744106,"cpu_user_us":6887435,"mode":"warm","population":10000,"process_peak_rss_bytes":45645824,"sample":18,"wall_ms":181.960084}
DISCOVERY_COST {"cost":{"bytes":1372,"directories":0,"dirty_paths":0,"manifests":2,"process_samples":1,"receipts":2,"rescans":0,"retained":1},"cpu_system_us":4745560,"cpu_user_us":6983406,"mode":"warm","population":10000,"process_peak_rss_bytes":45645824,"sample":19,"wall_ms":181.83775}
DISCOVERY_COST {"cost":{"bytes":2695,"directories":0,"dirty_paths":1,"manifests":4,"process_samples":1,"receipts":5,"rescans":0,"retained":2},"cpu_system_us":4748647,"cpu_user_us":7181115,"mode":"resume","population":10000,"process_peak_rss_bytes":45678592,"sample":0,"wall_ms":413.940459}
DISCOVERY_COST {"cost":{"bytes":4242917,"directories":20007,"dirty_paths":0,"manifests":4,"process_samples":2,"receipts":30008,"rescans":1,"retained":2},"cpu_system_us":5668489,"cpu_user_us":7534386,"mode":"loss_recovery","population":10000,"process_peak_rss_bytes":45727744,"sample":0,"wall_ms":1447.030792}
test run_record::active::reader::tests::discovery_cost_matrix has been running for over 60 seconds
DISCOVERY_COST {"cost":{"bytes":42401705,"directories":200007,"dirty_paths":0,"manifests":2,"process_samples":2,"receipts":300006,"rescans":1,"retained":1},"cpu_system_us":48681544,"cpu_user_us":11428837,"mode":"one_shot","population":100000,"process_peak_rss_bytes":45776896,"sample":0,"wall_ms":54959.270709000004}
DISCOVERY_COST {"cost":{"bytes":42401705,"directories":200007,"dirty_paths":0,"manifests":2,"process_samples":2,"receipts":300006,"rescans":1,"retained":1},"cpu_system_us":62903819,"cpu_user_us":13602977,"mode":"cold","population":100000,"process_peak_rss_bytes":45776896,"sample":0,"wall_ms":52586.237417}
DISCOVERY_COST {"cost":{"bytes":1372,"directories":0,"dirty_paths":0,"manifests":2,"process_samples":1,"receipts":2,"rescans":0,"retained":1},"cpu_system_us":62906810,"cpu_user_us":13698409,"mode":"warm","population":100000,"process_peak_rss_bytes":45776896,"sample":0,"wall_ms":185.0515}
DISCOVERY_COST {"cost":{"bytes":1372,"directories":0,"dirty_paths":0,"manifests":2,"process_samples":1,"receipts":2,"rescans":0,"retained":1},"cpu_system_us":62908247,"cpu_user_us":13796163,"mode":"warm","population":100000,"process_peak_rss_bytes":45776896,"sample":1,"wall_ms":184.16858299999998}
DISCOVERY_COST {"cost":{"bytes":1372,"directories":0,"dirty_paths":0,"manifests":2,"process_samples":1,"receipts":2,"rescans":0,"retained":1},"cpu_system_us":62909468,"cpu_user_us":13892633,"mode":"warm","population":100000,"process_peak_rss_bytes":45776896,"sample":2,"wall_ms":183.551167}
DISCOVERY_COST {"cost":{"bytes":1372,"directories":0,"dirty_paths":0,"manifests":2,"process_samples":1,"receipts":2,"rescans":0,"retained":1},"cpu_system_us":62910682,"cpu_user_us":13989470,"mode":"warm","population":100000,"process_peak_rss_bytes":45776896,"sample":3,"wall_ms":181.987291}
DISCOVERY_COST {"cost":{"bytes":1372,"directories":0,"dirty_paths":0,"manifests":2,"process_samples":1,"receipts":2,"rescans":0,"retained":1},"cpu_system_us":62911945,"cpu_user_us":14085495,"mode":"warm","population":100000,"process_peak_rss_bytes":45776896,"sample":4,"wall_ms":180.620542}
DISCOVERY_COST {"cost":{"bytes":1372,"directories":0,"dirty_paths":0,"manifests":2,"process_samples":1,"receipts":2,"rescans":0,"retained":1},"cpu_system_us":62913147,"cpu_user_us":14180713,"mode":"warm","population":100000,"process_peak_rss_bytes":45776896,"sample":5,"wall_ms":178.74479200000002}
DISCOVERY_COST {"cost":{"bytes":1372,"directories":0,"dirty_paths":0,"manifests":2,"process_samples":1,"receipts":2,"rescans":0,"retained":1},"cpu_system_us":62914416,"cpu_user_us":14275959,"mode":"warm","population":100000,"process_peak_rss_bytes":45776896,"sample":6,"wall_ms":179.858}
DISCOVERY_COST {"cost":{"bytes":1372,"directories":0,"dirty_paths":0,"manifests":2,"process_samples":1,"receipts":2,"rescans":0,"retained":1},"cpu_system_us":62915563,"cpu_user_us":14371078,"mode":"warm","population":100000,"process_peak_rss_bytes":45776896,"sample":7,"wall_ms":178.69625}
DISCOVERY_COST {"cost":{"bytes":1372,"directories":0,"dirty_paths":0,"manifests":2,"process_samples":1,"receipts":2,"rescans":0,"retained":1},"cpu_system_us":62916696,"cpu_user_us":14467576,"mode":"warm","population":100000,"process_peak_rss_bytes":45776896,"sample":8,"wall_ms":180.218666}
DISCOVERY_COST {"cost":{"bytes":1372,"directories":0,"dirty_paths":0,"manifests":2,"process_samples":1,"receipts":2,"rescans":0,"retained":1},"cpu_system_us":62917842,"cpu_user_us":14562391,"mode":"warm","population":100000,"process_peak_rss_bytes":45776896,"sample":9,"wall_ms":178.26675}
DISCOVERY_COST {"cost":{"bytes":1372,"directories":0,"dirty_paths":0,"manifests":2,"process_samples":1,"receipts":2,"rescans":0,"retained":1},"cpu_system_us":62919622,"cpu_user_us":14656989,"mode":"warm","population":100000,"process_peak_rss_bytes":45776896,"sample":10,"wall_ms":179.910458}
DISCOVERY_COST {"cost":{"bytes":1372,"directories":0,"dirty_paths":0,"manifests":2,"process_samples":1,"receipts":2,"rescans":0,"retained":1},"cpu_system_us":62920751,"cpu_user_us":14753056,"mode":"warm","population":100000,"process_peak_rss_bytes":45776896,"sample":11,"wall_ms":180.462291}
DISCOVERY_COST {"cost":{"bytes":1372,"directories":0,"dirty_paths":0,"manifests":2,"process_samples":1,"receipts":2,"rescans":0,"retained":1},"cpu_system_us":62921883,"cpu_user_us":14847402,"mode":"warm","population":100000,"process_peak_rss_bytes":45776896,"sample":12,"wall_ms":177.615}
DISCOVERY_COST {"cost":{"bytes":1372,"directories":0,"dirty_paths":0,"manifests":2,"process_samples":1,"receipts":2,"rescans":0,"retained":1},"cpu_system_us":62923062,"cpu_user_us":14942315,"mode":"warm","population":100000,"process_peak_rss_bytes":45776896,"sample":13,"wall_ms":179.263}
DISCOVERY_COST {"cost":{"bytes":1372,"directories":0,"dirty_paths":0,"manifests":2,"process_samples":1,"receipts":2,"rescans":0,"retained":1},"cpu_system_us":62924132,"cpu_user_us":15036254,"mode":"warm","population":100000,"process_peak_rss_bytes":45776896,"sample":14,"wall_ms":177.974625}
DISCOVERY_COST {"cost":{"bytes":1372,"directories":0,"dirty_paths":0,"manifests":2,"process_samples":1,"receipts":2,"rescans":0,"retained":1},"cpu_system_us":62925290,"cpu_user_us":15133644,"mode":"warm","population":100000,"process_peak_rss_bytes":45776896,"sample":15,"wall_ms":182.233125}
DISCOVERY_COST {"cost":{"bytes":1372,"directories":0,"dirty_paths":0,"manifests":2,"process_samples":1,"receipts":2,"rescans":0,"retained":1},"cpu_system_us":62926867,"cpu_user_us":15231135,"mode":"warm","population":100000,"process_peak_rss_bytes":45776896,"sample":16,"wall_ms":184.242292}
DISCOVERY_COST {"cost":{"bytes":1372,"directories":0,"dirty_paths":0,"manifests":2,"process_samples":1,"receipts":2,"rescans":0,"retained":1},"cpu_system_us":62927945,"cpu_user_us":15324511,"mode":"warm","population":100000,"process_peak_rss_bytes":45776896,"sample":17,"wall_ms":178.305416}
DISCOVERY_COST {"cost":{"bytes":1372,"directories":0,"dirty_paths":0,"manifests":2,"process_samples":1,"receipts":2,"rescans":0,"retained":1},"cpu_system_us":62929719,"cpu_user_us":15420485,"mode":"warm","population":100000,"process_peak_rss_bytes":45776896,"sample":18,"wall_ms":181.440708}
DISCOVERY_COST {"cost":{"bytes":1372,"directories":0,"dirty_paths":0,"manifests":2,"process_samples":1,"receipts":2,"rescans":0,"retained":1},"cpu_system_us":62930825,"cpu_user_us":15515593,"mode":"warm","population":100000,"process_peak_rss_bytes":45776896,"sample":19,"wall_ms":180.312375}
DISCOVERY_COST {"cost":{"bytes":2695,"directories":0,"dirty_paths":1,"manifests":4,"process_samples":1,"receipts":5,"rescans":0,"retained":2},"cpu_system_us":62933840,"cpu_user_us":15706578,"mode":"resume","population":100000,"process_peak_rss_bytes":45793280,"sample":0,"wall_ms":415.156083}
DISCOVERY_COST {"cost":{"bytes":42403028,"directories":200007,"dirty_paths":0,"manifests":4,"process_samples":2,"receipts":300009,"rescans":1,"retained":2},"cpu_system_us":76946801,"cpu_user_us":17802170,"mode":"loss_recovery","population":100000,"process_peak_rss_bytes":45793280,"sample":0,"wall_ms":51693.043417}
test run_record::active::reader::tests::discovery_cost_matrix ... ok

test result: ok. 1 passed; 0 failed; 0 ignored; 0 measured; 1588 filtered out; finished in 296.23s

