Building for debugging...
[0/5] Write sources
[1/5] Write swift-version--58304C5D6DBC2206.txt
[3/7] Emitting module LoopflowMac
[4/7] Compiling LoopflowMac SessionsView.swift
[4/8] Write Objects.LinkFileList
[5/8] Linking LoopflowMac
[6/8] Applying LoopflowMac
[8/9] Emitting module LoopflowTests
[8/10] Write Objects.LinkFileList
[9/10] Linking LoopflowSwiftPackageTests
Build complete! (8.96s)
Test Suite 'Selected tests' started at 2026-09-23 19:47:41.836.
Test Suite 'LoopflowSwiftPackageTests.xctest' started at 2026-09-23 19:47:41.890.
Test Suite 'LoopflowSwiftPackageTests.xctest' passed at 2026-09-23 19:47:41.890.
	 Executed 0 tests, with 0 failures (0 unexpected) in 0.000 (0.000) seconds
Test Suite 'Selected tests' passed at 2026-09-23 19:47:41.890.
	 Executed 0 tests, with 0 failures (0 unexpected) in 0.000 (0.053) seconds
◇ Test run started.
↳ Testing Library Version: 1501
↳ Target Platform: arm64e-apple-macos14.0
◇ Suite "Multiplexer store" started.
◇ Suite "Unified workspace navigation proof" started.
◇ Test "Undo restores a hidden Session only while shared evidence retains it" started.
◇ Test case passing 1 argument retained → true to "Undo restores a hidden Session only while shared evidence retains it" started.
◇ Test "The workspace retains navigation and reconciles completion in its originating repository" started.
◇ Test case passing 1 argument retained → false to "Undo restores a hidden Session only while shared evidence retains it" started.
◇ Test case passing 1 argument switchBeforeCompletion → false to "The workspace retains navigation and reconciles completion in its originating repository" started.
✔ Test "Undo restores a hidden Session only while shared evidence retains it" with 2 test cases passed after 0.044 seconds.
✔ Suite "Multiplexer store" passed after 0.044 seconds.
◇ Test case passing 1 argument switchBeforeCompletion → true to "The workspace retains navigation and reconciles completion in its originating repository" started.
✔ Test "The workspace retains navigation and reconciles completion in its originating repository" with 2 test cases passed after 5.360 seconds.
✔ Suite "Unified workspace navigation proof" passed after 5.360 seconds.
✔ Test run with 2 tests in 2 suites passed after 5.360 seconds.
