Owned PID 72945
Probe executable /tmp/loo291-configured-retention.swift AX trusted true
AXWindows 0 count 1
Owned onscreen windows 1 active true hidden false
PASS This exact probe host has Accessibility permission
TIMING launch_to_observed_task_ms 4725.690166465938
PASS Ambient Wave does not block planning
PASS Real Task list loaded (6 rows)
PASS Open Task for owned Session
PASS Press <lf:wave name="product">
PASS Activate owned proof window
PASS Exactly one test-owned provider client
Provider client before navigation {
  "schema_version": 1,
  "pid": 85170,
  "started_at": "2026-09-24T01:25:29.477663Z"
}
PASS Press Show work list
PASS Press Work details
PASS Press All work
PASS Return to exact Task
PASS Press <lf:wave name="product">
PASS Press New shell
Companion PID 93956
PASS Press Work details
PASS Press <lf:wave name="product">
PASS Exactly one test-owned provider client
PASS Navigation and companion split retain exact provider PID/birth
PASS Provider replied after unsent draft survived A/D, details, overview and split
PASS Press Complete session
PASS Resolved Session pane removed
PASS Same companion process responds after Session completion
PASS Press Work details
PASS Task survives completion with explicit no-Session state
Configured retained draft, companion and completion proof passed
Owned termination requested true
