observed_at 2026-09-24T14:20:38Z
Owned app PID 42349
AX trust true active false
PASS Exact runner trusted
PASS One owned accessible window
PASS Press All work
PASS Press New terminal
PASS One main checkout pane
PASS Press Show work list
PASS Select exact Task
PASS Press New conversation · LOO-291
Owned Session run_8892c18d10834d578b0819ff2ec27d7f
PASS Shared Session has native terminal attachment
PASS Exact provider descends from owned app
SESSION_PICKER 
SESSION_PICKER 
SESSION_PICKER 
SESSION_PICKER 
SESSION_PICKER 
SESSION_PICKER 
SESSION_PICKER 
SESSION_PICKER 
SESSION_PICKER 
SESSION_PICKER 
SESSION_PICKER 
SESSION_PICKER 
SESSION_PICKER 
SESSION_PICKER 
SESSION_PICKER 
SESSION_PICKER 
SESSION_PICKER 
SESSION_PICKER 
SESSION_PICKER 
SESSION_PICKER 
SESSION_PICKER 
SESSION_PICKER 
SESSION_PICKER 
SESSION_PICKER 
SESSION_PICKER 
SESSION_PICKER 
SESSION_PICKER 
SESSION_PICKER 
SESSION_PICKER 
SESSION_PICKER 
SESSION_PICKER 
SESSION_PICKER 
SESSION_PICKER 
SESSION_PICKER 
SESSION_PICKER 
SESSION_PICKER 
SESSION_PICKER 
SESSION_PICKER 
SESSION_PICKER 
FAIL Failure(message: "Exact Session action unavailable")
Owned app termination requested true
