time: 2026-01-31T14:42:50.697001
args: /Applications/Concerto.app/Contents/MacOS/Concerto --snapshot /Users/jack/src/loopflow.concerto-next/docs/screenshots/concerto-main.png --repo /Users/jack/src/loopflow-demos --size 1200x800 --mock-loops
returncode: 0
duration_seconds: 1.57
stdout:
2026-01-31T22:42:49.603Z [WORKTREES] openRepo.config elapsed=0ms
2026-01-31T22:42:49.605Z [WORKTREES] openRepo.prompts elapsed=1ms
2026-01-31T22:42:49.605Z [WORKTREES] openRepo.total elapsed=3ms
2026-01-31T22:42:49.632Z [LFD] startEventSubscription called
2026-01-31T22:42:49.632Z [LFD] creating LFDEventService
2026-01-31T22:42:49.633Z [MODEL] refreshWaves: starting for repo=/Users/jack/src/loopflow-demos
2026-01-31T22:42:49.633Z [LFD] listWaves: GET http://127.0.0.1:8765/waves?repo=/Users/jack/src/loopflow-demos
2026-01-31T22:42:49.633Z [LFD] EventService.subscribe: patterns=["worktree.*", "session.*", "output.line", "wave.*"]
2026-01-31T22:42:49.633Z [LFD] connecting to /Users/jack/.lf/lfd.sock
2026-01-31T22:42:49.634Z [LFD] connected
2026-01-31T22:42:49.634Z [LFD] onConnectionChange: connected=true
2026-01-31T22:42:50.058Z [LFD] listWaves: status=200
2026-01-31T22:42:50.058Z [LFD] listWaves: found 0 waves
2026-01-31T22:42:50.058Z [WORKTREES] worktrees.list source=lfd http_ms=424 count=3
2026-01-31T22:42:50.058Z [MODEL] refreshWaves: got 0 waves
2026-01-31T22:42:50.059Z [WORKTREES] worktrees.list source=lfd count=3 total_ms=425

