time: 2026-01-31T14:42:53.338593
args: /Applications/Concerto.app/Contents/MacOS/Concerto --snapshot /Users/jack/src/loopflow.concerto-next/docs/screenshots/concerto-wave-waiting.png --repo /Users/jack/src/loopflow-demos --size 1200x800 --select wave-api-refactor --mock-loops
returncode: 0
duration_seconds: 1.33
stdout:
2026-01-31T22:42:52.240Z [WORKTREES] openRepo.config elapsed=0ms
2026-01-31T22:42:52.241Z [WORKTREES] openRepo.prompts elapsed=0ms
2026-01-31T22:42:52.241Z [WORKTREES] openRepo.total elapsed=1ms
2026-01-31T22:42:52.277Z [LFD] startEventSubscription called
2026-01-31T22:42:52.277Z [LFD] creating LFDEventService
2026-01-31T22:42:52.277Z [MODEL] refreshWaves: starting for repo=/Users/jack/src/loopflow-demos
2026-01-31T22:42:52.277Z [LFD] listWaves: GET http://127.0.0.1:8765/waves?repo=/Users/jack/src/loopflow-demos
2026-01-31T22:42:52.277Z [LFD] EventService.subscribe: patterns=["worktree.*", "session.*", "output.line", "wave.*"]
2026-01-31T22:42:52.277Z [LFD] connecting to /Users/jack/.lf/lfd.sock
2026-01-31T22:42:52.278Z [LFD] connected
2026-01-31T22:42:52.278Z [LFD] onConnectionChange: connected=true
2026-01-31T22:42:52.321Z [LFD] listWaves: status=200
2026-01-31T22:42:52.321Z [LFD] listWaves: found 0 waves
2026-01-31T22:42:52.321Z [MODEL] refreshWaves: got 0 waves
2026-01-31T22:42:52.321Z [WORKTREES] worktrees.list source=lfd http_ms=41 count=3
2026-01-31T22:42:52.321Z [WORKTREES] worktrees.list source=lfd count=3 total_ms=42

