[0/1] Planning build
Building for debugging...
[0/5] Write sources
[1/5] Write swift-version--58304C5D6DBC2206.txt
[3/5] Compiling LoopflowTests WorkspaceNavigationProofTests.swift
[4/5] Emitting module LoopflowTests
[4/6] Write Objects.LinkFileList
[5/6] Linking LoopflowSwiftPackageTests
Build complete! (2.69s)
Test Suite 'Selected tests' started at 2026-09-23 19:58:20.226.
Test Suite 'LoopflowSwiftPackageTests.xctest' started at 2026-09-23 19:58:20.228.
Test Suite 'LoopflowSwiftPackageTests.xctest' passed at 2026-09-23 19:58:20.229.
	 Executed 0 tests, with 0 failures (0 unexpected) in 0.000 (0.000) seconds
Test Suite 'Selected tests' passed at 2026-09-23 19:58:20.229.
	 Executed 0 tests, with 0 failures (0 unexpected) in 0.000 (0.002) seconds
◇ Test run started.
↳ Testing Library Version: 1501
↳ Target Platform: arm64e-apple-macos14.0
◇ Suite "Unified workspace navigation proof" started.
◇ Test "The workspace retains navigation and reconciles completion in its originating repository" started.
◇ Test "Shell-attached Sessions can complete without closing their terminal" started.
◇ Test case passing 1 argument switchBeforeCompletion → false to "The workspace retains navigation and reconciles completion in its originating repository" started.
◇ Test case passing 1 argument rejected → false to "Shell-attached Sessions can complete without closing their terminal" started.
◇ Test case passing 1 argument rejected → true to "Shell-attached Sessions can complete without closing their terminal" started.
✘ Test "Shell-attached Sessions can complete without closing their terminal" recorded an issue with 1 argument rejected → true at WorkspaceNavigationProofTests.swift:153:13: Expectation failed: an error was thrown when none was expected: "Search did not find a match. Possible blockers: SessionsShortcutMonitor, AccessibilityImageLabel, AccessibilityImageLabel, AccessibilityImageLabel, AccessibilityImageLabel, AccessibilityImageLabel, AccessibilityImageLabel, AccessibilityImageLabel, AccessibilityImageLabel, AccessibilityImageLabel, AccessibilityImageLabel, AccessibilityImageLabel, AccessibilityImageLabel, AccessibilityImageLabel, AccessibilityImageLabel, AccessibilityImageLabel, GhosttyTerminalRepresentable, AccessibilityImageLabel, AccessibilityImageLabel, AccessibilityImageLabel, AccessibilityImageLabel, AccessibilityImageLabel, AccessibilityImageLabel" of type InspectionError
✘ Test "Shell-attached Sessions can complete without closing their terminal" with 2 test cases failed after 1.649 seconds with 1 issue.
◇ Test case passing 1 argument switchBeforeCompletion → true to "The workspace retains navigation and reconciles completion in its originating repository" started.
✔ Test "The workspace retains navigation and reconciles completion in its originating repository" with 2 test cases passed after 5.768 seconds.
✘ Suite "Unified workspace navigation proof" failed after 5.768 seconds with 1 issue.
✘ Test run with 2 tests in 1 suite failed after 5.769 seconds with 1 issue.
