Building for debugging...
[0/5] Write sources
[1/5] Write swift-version--58304C5D6DBC2206.txt
[3/7] Compiling LoopflowMac TaskWatchOutputView.swift
[4/7] Emitting module LoopflowMac
[4/9] Write Objects.LinkFileList
[5/9] Linking LoopflowMac
[6/9] Applying LoopflowMac
[8/10] Emitting module LoopflowTests
[8/10] Write Objects.LinkFileList
[9/10] Linking LoopflowSwiftPackageTests
Build complete! (2.79s)
Test Suite 'Selected tests' started at 2026-09-24 13:41:10.949.
Test Suite 'LoopflowSwiftPackageTests.xctest' started at 2026-09-24 13:41:10.950.
Test Suite 'LoopflowSwiftPackageTests.xctest' passed at 2026-09-24 13:41:10.951.
	 Executed 0 tests, with 0 failures (0 unexpected) in 0.000 (0.000) seconds
Test Suite 'Selected tests' passed at 2026-09-24 13:41:10.951.
	 Executed 0 tests, with 0 failures (0 unexpected) in 0.000 (0.001) seconds
◇ Test run started.
↳ Testing Library Version: 1501
↳ Target Platform: arm64e-apple-macos14.0
◇ Suite "Task Watch feed" started.
◇ Test "Source reset and cursor errors preserve evidence until explicit reload" started.
◇ Test case passing 1 argument sourceReset → false to "Source reset and cursor errors preserve evidence until explicit reload" started.
◇ Test case passing 1 argument sourceReset → true to "Source reset and cursor errors preserve evidence until explicit reload" started.
✔ Test "Source reset and cursor errors preserve evidence until explicit reload" with 2 test cases passed after 0.028 seconds.
✔ Suite "Task Watch feed" passed after 0.028 seconds.
✔ Test run with 1 test in 1 suite passed after 0.028 seconds.
