Owned app PID 80188
AX trust true active true
AXWindows 0 count 1
PASS Exact runner trusted
Activation requested true
Raise owned window -25205
Active after request true
TIMING launch_to_task_ax_ms 2966.5114998351783
PASS Select exact Task
PASS Owned app active before launch
PASS Press All work
PASS Press New terminal
PASS Owned app active for input
NODE AXApplication  Loopflow Integration   nil nil
NODE AXWindow SwiftUI.ModifiedContent<SwiftUI._ConditionalContent<SwiftUI.ModifiedContent<SwiftUI._ConditionalContent<SwiftUI.ModifiedContent<SwiftUI.ModifiedContent<SwiftUI.(unknown context at $1d0863774).SceneBridgeReader<SwiftUI.SubscriptionView<Combine.PassthroughSubject<Any, Swift.Never>, SwiftUI.ModifiedContent<SwiftUI.ModifiedContent<LoopflowMac.PodiumView, SwiftUI._EnvironmentKeyWritingModifier<Swift.Optional<SwiftUI.Color>>>, LoopflowMac.AppAppearance>>>, SwiftUI._FrameLayout>, SwiftUI._FlexFrameLayout>, SwiftUI.(unknown context at $1d0863774).SceneBridgeReader<SwiftUI.SubscriptionView<Combine.PassthroughSubject<Any, Swift.Never>, SwiftUI.ModifiedContent<SwiftUI.ModifiedContent<LoopflowMac.PodiumView, SwiftUI._EnvironmentKeyWritingModifier<Swift.Optional<SwiftUI.Color>>>, LoopflowMac.AppAppearance>>>>, SwiftUI._TaskModifier>, SwiftUI._ConditionalContent<SwiftUI.ModifiedContent<SwiftUI.ModifiedContent<SwiftUI.(unknown context at $1d0863774).SceneBridgeReader<SwiftUI.SubscriptionView<Combine.PassthroughSubject<Any, Swift.Never>, SwiftUI.ModifiedContent<SwiftUI.ModifiedContent<LoopflowMac.PodiumView, SwiftUI._EnvironmentKeyWritingModifier<Swift.Optional<SwiftUI.Color>>>, LoopflowMac.AppAppearance>>>, SwiftUI._FrameLayout>, SwiftUI._FlexFrameLayout>, SwiftUI.(unknown context at $1d0863774).SceneBridgeReader<SwiftUI.SubscriptionView<Combine.PassthroughSubject<Any, Swift.Never>, SwiftUI.ModifiedContent<SwiftUI.ModifiedContent<LoopflowMac.PodiumView, SwiftUI._EnvironmentKeyWritingModifier<Swift.Optional<SwiftUI.Color>>>, LoopflowMac.AppAppearance>>>>>, SwiftUI._TaskModifier>-1-AppWindow-1 Loopflow   Optional(<AXValue 0xafd5d4060> {value = x:349.000000 y:48.000000 type = kAXValueCGPointType}) Optional(<AXValue 0xafd5d4090> {value = w:1280.000000 h:800.000000 type = kAXValueCGSizeType})
NODE AXGroup     Optional(<AXValue 0xafd5d4090> {value = x:349.000000 y:48.000000 type = kAXValueCGPointType}) Optional(<AXValue 0xafd5d4060> {value = w:1280.000000 h:800.000000 type = kAXValueCGSizeType})
NODE AXGroup podium  The Podium  Optional(<AXValue 0xafd5d4060> {value = x:329.000000 y:48.000000 type = kAXValueCGPointType}) Optional(<AXValue 0xafd5d4090> {value = w:1300.000000 h:800.000000 type = kAXValueCGSizeType})
NODE AXGroup podium-bar    Optional(<AXValue 0xafd5d4090> {value = x:349.000000 y:48.000000 type = kAXValueCGPointType}) Optional(<AXValue 0xafd5d4060> {value = w:1280.000000 h:96.000000 type = kAXValueCGSizeType})
NODE AXMenuButton podium-repo-scope  Repository: loopflow  Optional(<AXValue 0xafd5d4060> {value = x:365.000000 y:95.500000 type = kAXValueCGPointType}) Optional(<AXValue 0xafd5d4090> {value = w:111.500000 h:10.000000 type = kAXValueCGSizeType})
NODE AXMenuButton podium-repo-scope  Repository: loopflow  Optional(<AXValue 0xafd5d4090> {value = x:365.000000 y:105.500000 type = kAXValueCGPointType}) Optional(<AXValue 0xafd5d4060> {value = w:66.000000 h:23.000000 type = kAXValueCGSizeType})
NODE AXMenuButton podium-repo-scope  Repository: loopflow  Optional(<AXValue 0xafd5d4060> {value = x:436.000000 y:114.500000 type = kAXValueCGPointType}) Optional(<AXValue 0xafd5d4090> {value = w:8.000000 h:5.000000 type = kAXValueCGSizeType})
NODE AXStaticText podium-wave-summary   3 Optional(<AXValue 0xafd5d4090> {value = x:509.500000 y:105.500000 type = kAXValueCGPointType}) Optional(<AXValue 0xafd5d4060> {value = w:6.000000 h:13.000000 type = kAXValueCGSizeType})
NODE AXStaticText podium-wave-summary   Waves Optional(<AXValue 0xafd5d4060> {value = x:519.500000 y:106.500000 type = kAXValueCGPointType}) Optional(<AXValue 0xafd5d4090> {value = w:26.500000 h:11.000000 type = kAXValueCGSizeType})
NODE AXButton podium-sessions  Sessions 1 Sessions Optional(<AXValue 0xafc4c5ec0> {value = x:1419.500000 y:96.000000 type = kAXValueCGPointType}) Optional(<AXValue 0xafc696910> {value = w:42.000000 h:32.000000 type = kAXValueCGSizeType})
NODE AXUnknown podium-process-activity  Provider process activity  Optional(<AXValue 0xafc4c5ec0> {value = x:1477.500000 y:88.000000 type = kAXValueCGPointType}) Optional(<AXValue 0xafc4c5f20> {value = w:135.500000 h:48.000000 type = kAXValueCGSizeType})
NODE AXButton sessions-surface  All work  Optional(<AXValue 0xafc4c5f20> {value = x:362.500000 y:157.529625 type = kAXValueCGPointType}) Optional(<AXValue 0xafc4c5ec0> {value = w:60.500000 h:13.000000 type = kAXValueCGSizeType})
NODE AXButton sessions-surface  Show work list  Optional(<AXValue 0xafc4c5ec0> {value = x:436.500000 y:157.500000 type = kAXValueCGPointType}) Optional(<AXValue 0xafc4c5f20> {value = w:93.000000 h:13.000000 type = kAXValueCGSizeType})
NODE AXButton sessions-surface  Work details  Optional(<AXValue 0xafc4c5f20> {value = x:541.500000 y:157.529625 type = kAXValueCGPointType}) Optional(<AXValue 0xafc4c5ec0> {value = w:61.000000 h:13.000000 type = kAXValueCGSizeType})
NODE AXStaticText sessions-surface   Planning read: 2026-09-24T04:09:14.954578Z Optional(<AXValue 0xafc4c5ec0> {value = x:1152.000000 y:158.529625 type = kAXValueCGPointType}) Optional(<AXValue 0xafc4c5f20> {value = w:187.000000 h:11.000000 type = kAXValueCGSizeType})
NODE AXButton sessions-surface  New conversation · LOO-291  Optional(<AXValue 0xafc4c5f20> {value = x:1352.500000 y:157.000000 type = kAXValueCGPointType}) Optional(<AXValue 0xafc4c5ec0> {value = w:163.500000 h:13.000000 type = kAXValueCGSizeType})
NODE AXButton sessions-surface  New terminal  Optional(<AXValue 0xafc4c5ec0> {value = x:1529.500000 y:157.500000 type = kAXValueCGPointType}) Optional(<AXValue 0xafc4c5f20> {value = w:87.500000 h:13.000000 type = kAXValueCGSizeType})
NODE AXMenuButton sessions-surface  Move  Optional(<AXValue 0xafc4c5f20> {value = x:358.500000 y:192.500000 type = kAXValueCGPointType}) Optional(<AXValue 0xafc4c5ec0> {value = w:12.500000 h:10.500000 type = kAXValueCGSizeType})
NODE AXMenuButton sessions-surface  loopflow  Optional(<AXValue 0xafc4c5ec0> {value = x:358.500000 y:191.059250 type = kAXValueCGPointType}) Optional(<AXValue 0xafc4c5f20> {value = w:65.000000 h:13.000000 type = kAXValueCGSizeType})
NODE AXButton sessions-surface  New terminal in worktree  Optional(<AXValue 0xafc4c5f20> {value = x:1538.500000 y:192.500000 type = kAXValueCGPointType}) Optional(<AXValue 0xafc4c5ec0> {value = w:13.000000 h:10.500000 type = kAXValueCGSizeType})
NODE AXButton sessions-surface  Split worktrees right  Optional(<AXValue 0xafc4c5ec0> {value = x:1562.500000 y:192.500000 type = kAXValueCGPointType}) Optional(<AXValue 0xafc4c5f20> {value = w:13.000000 h:10.500000 type = kAXValueCGSizeType})
NODE AXButton sessions-surface  Split worktrees down  Optional(<AXValue 0xafc4c5f20> {value = x:1586.500000 y:192.500000 type = kAXValueCGPointType}) Optional(<AXValue 0xafc4c5ec0> {value = w:13.000000 h:10.500000 type = kAXValueCGSizeType})
NODE AXButton sessions-surface  Hide worktree  Optional(<AXValue 0xafc4c5ec0> {value = x:1610.500000 y:193.000000 type = kAXValueCGPointType}) Optional(<AXValue 0xafc4c5f20> {value = w:9.000000 h:9.000000 type = kAXValueCGSizeType})
NODE AXGroup sessions-surface  ~/src/loopflow, active  Optional(<AXValue 0xafc4c5f20> {value = x:349.000000 y:212.000000 type = kAXValueCGPointType}) Optional(<AXValue 0xafc4c5ec0> {value = w:1280.000000 h:636.000000 type = kAXValueCGSizeType})
NODE AXStaticText    ~/src/loopflow Optional(<AXValue 0xafc4c5ec0> {value = x:373.000000 y:222.599250 type = kAXValueCGPointType}) Optional(<AXValue 0xafc4c5f20> {value = w:84.000000 h:13.000000 type = kAXValueCGSizeType})
NODE AXImage shell-command-selection-help  Shell command selection help  Optional(<AXValue 0xafc4c5f20> {value = x:466.000000 y:224.500000 type = kAXValueCGPointType}) Optional(<AXValue 0xafc4c5ec0> {value = w:9.000000 h:9.000000 type = kAXValueCGSizeType})
NODE AXButton pane-split-right  Split right  Optional(<AXValue 0xafc4c5ec0> {value = x:1501.000000 y:217.000000 type = kAXValueCGPointType}) Optional(<AXValue 0xafc4c5f20> {value = w:24.000000 h:24.000000 type = kAXValueCGSizeType})
NODE AXButton pane-split-down  Split down  Optional(<AXValue 0xafc4c5f20> {value = x:1533.000000 y:217.000000 type = kAXValueCGPointType}) Optional(<AXValue 0xafc4c5ec0> {value = w:24.000000 h:24.000000 type = kAXValueCGSizeType})
NODE AXButton pane-close  Close view  Optional(<AXValue 0xafc4c5ec0> {value = x:1565.000000 y:217.000000 type = kAXValueCGPointType}) Optional(<AXValue 0xafc4c5f20> {value = w:24.000000 h:24.000000 type = kAXValueCGSizeType})
NODE AXButton pane-zoom  Zoom pane  Optional(<AXValue 0xafc4c5f20> {value = x:1597.000000 y:217.000000 type = kAXValueCGPointType}) Optional(<AXValue 0xafc4c5ec0> {value = w:24.000000 h:24.000000 type = kAXValueCGSizeType})
NODE AXButton     Optional(<AXValue 0xafc4c5ec0> {value = x:357.000000 y:56.000000 type = kAXValueCGPointType}) Optional(<AXValue 0xafc4c5f20> {value = w:16.000000 h:16.000000 type = kAXValueCGSizeType})
NODE AXButton     Optional(<AXValue 0xafc4c5f20> {value = x:403.000000 y:56.000000 type = kAXValueCGPointType}) Optional(<AXValue 0xafc4c5ec0> {value = w:16.000000 h:16.000000 type = kAXValueCGSizeType})
NODE AXGroup     Optional(<AXValue 0xafc4c5ec0> {value = x:404.000000 y:57.000000 type = kAXValueCGPointType}) Optional(<AXValue 0xafc4c5f20> {value = w:14.000000 h:14.000000 type = kAXValueCGSizeType})
NODE AXGroup     Optional(<AXValue 0xafc4c5f20> {value = x:404.000000 y:57.000000 type = kAXValueCGPointType}) Optional(<AXValue 0xafc4c5ec0> {value = w:14.000000 h:14.000000 type = kAXValueCGSizeType})
NODE AXButton     Optional(<AXValue 0xafc4c5ec0> {value = x:380.000000 y:56.000000 type = kAXValueCGPointType}) Optional(<AXValue 0xafc4c5f20> {value = w:16.000000 h:16.000000 type = kAXValueCGSizeType})
NODE AXStaticText    Loopflow Optional(<AXValue 0xafc4c5f20> {value = x:431.000000 y:56.000000 type = kAXValueCGPointType}) Optional(<AXValue 0xafc4c5ec0> {value = w:64.000000 h:16.000000 type = kAXValueCGSizeType})
NODE AXMenuBar     Optional(<AXValue 0xafc4c5ec0> {value = x:0.000000 y:0.000000 type = kAXValueCGPointType}) Optional(<AXValue 0xafc4c5f20> {value = w:1728.000000 h:33.000000 type = kAXValueCGSizeType})
Owned app termination requested true
