Building for debugging...
[0/5] Write sources
[1/5] Write swift-version--58304C5D6DBC2206.txt
[3/5] Emitting module LoopflowTests
[4/5] Compiling LoopflowTests DemoVisualCaptureTests.swift
[4/6] Write Objects.LinkFileList
[5/6] Linking LoopflowSwiftPackageTests
Build complete! (2.16s)
Test Suite 'Selected tests' started at 2026-09-24 19:43:30.308.
Test Suite 'LoopflowSwiftPackageTests.xctest' started at 2026-09-24 19:43:30.309.
Test Suite 'LoopflowSwiftPackageTests.xctest' passed at 2026-09-24 19:43:30.309.
	 Executed 0 tests, with 0 failures (0 unexpected) in 0.000 (0.000) seconds
Test Suite 'Selected tests' passed at 2026-09-24 19:43:30.309.
	 Executed 0 tests, with 0 failures (0 unexpected) in 0.000 (0.001) seconds
◇ Test run started.
↳ Testing Library Version: 1501
↳ Target Platform: arm64e-apple-macos14.0
◇ Suite DemoVisualCaptureTests started.
◇ Test capture() started.
✔ Test capture() passed after 0.577 seconds.
✔ Suite DemoVisualCaptureTests passed after 0.577 seconds.
✔ Test run with 1 test in 1 suite passed after 0.577 seconds.
