Gate budget: 1980s across 2 suites (python, ui-host)
Artifacts on failure: /Users/jack/src/loopflow.verify-the-required-ui-host/.lf/tmp/gate/run-3475

========================================================================
 SUITE: python  (matched (changed paths))  [budget 600s]
========================================================================

$ uv run pytest python/tests/test_gate_bounded.py  (budget 600s)
============================= test session starts ==============================
platform darwin -- Python 3.14.2, pytest-9.0.2, pluggy-1.6.0
rootdir: /Users/jack/src/loopflow.verify-the-required-ui-host
configfile: pyproject.toml
collected 12 items

python/tests/test_gate_bounded.py ............                           [100%]

============================== 12 passed in 5.05s ==============================

========================================================================
 SUITE: ui-host  (forced (--ui-host))  [budget 1380s]
 proves: hosted LoopflowUITests actually EXECUTE on a permissioned host.
========================================================================

$ cd swift && xcodegen generate  (budget 180s)
⚙️  Generating plists...
⚙️  Generating project...
⚙️  Writing project...
Created project at /Users/jack/src/loopflow.verify-the-required-ui-host/swift/LoopflowSwift.xcodeproj

$ cd swift && xcodebuild test -project LoopflowSwift.xcodeproj -scheme LoopflowMac -destination platform=macOS -derivedDataPath .build/xcode-derived-data -disableAutomaticPackageResolution -only-testing:LoopflowUITests -resultBundlePath /Users/jack/src/loopflow.verify-the-required-ui-host/.lf/tmp/gate/run-3475/ui-host/ui-host.xcresult CODE_SIGNING_ALLOWED=YES CODE_SIGNING_REQUIRED=YES CODE_SIGN_STYLE=Manual CODE_SIGN_IDENTITY=- DEVELOPMENT_TEAM=  (budget 1200s)
Command line invocation:
    /Applications/Xcode.app/Contents/Developer/usr/bin/xcodebuild test -project LoopflowSwift.xcodeproj -scheme LoopflowMac -destination platform=macOS -derivedDataPath .build/xcode-derived-data -disableAutomaticPackageResolution "-only-testing:LoopflowUITests" -resultBundlePath /Users/jack/src/loopflow.verify-the-required-ui-host/.lf/tmp/gate/run-3475/ui-host/ui-host.xcresult CODE_SIGNING_ALLOWED=YES CODE_SIGNING_REQUIRED=YES CODE_SIGN_STYLE=Manual CODE_SIGN_IDENTITY=- DEVELOPMENT_TEAM=

Build settings from command line:
    CODE_SIGN_IDENTITY = -
    CODE_SIGN_STYLE = Manual
    CODE_SIGNING_ALLOWED = YES
    CODE_SIGNING_REQUIRED = YES
    DEVELOPMENT_TEAM = 

Resolve Package Graph


Resolved source packages:
  ViewInspector: https://github.com/nalexn/ViewInspector.git @ 0.10.3

2026-07-15 01:08:03.352 xcodebuild[4539:160712615] [MT] IDERunDestination: Supported platforms for the buildables in the current scheme is empty.
Writing result bundle at path:
	/Users/jack/src/loopflow.verify-the-required-ui-host/.lf/tmp/gate/run-3475/ui-host/ui-host.xcresult

--- xcodebuild: WARNING: Using the first of multiple matching destinations:
{ platform:macOS, arch:arm64, id:00006041-000031E11A8A801C, name:My Mac }
{ platform:macOS, arch:x86_64, id:00006041-000031E11A8A801C, name:My Mac }
note: Using codesigning identity override: -
ComputePackagePrebuildTargetDependencyGraph

Prepare packages

CreateBuildRequest

SendProjectDescription

CreateBuildOperation

ComputeTargetDependencyGraph
note: Building targets in dependency order
note: Target dependency graph (6 targets)
    Target 'LoopflowTests' in project 'LoopflowSwift'
        ➜ Explicit dependency on target 'LoopflowMac' in project 'LoopflowSwift'
        ➜ Explicit dependency on target 'ViewInspector' in project 'ViewInspector'
    Target 'ViewInspector' in project 'ViewInspector'
        ➜ Explicit dependency on target 'ViewInspector' in project 'ViewInspector'
    Target 'ViewInspector' in project 'ViewInspector' (no dependencies)
    Target 'LoopflowUITests' in project 'LoopflowSwift'
        ➜ Explicit dependency on target 'LoopflowMac' in project 'LoopflowSwift'
    Target 'LoopflowMac' in project 'LoopflowSwift'
        ➜ Explicit dependency on target 'Loopflow' in project 'LoopflowSwift'
    Target 'Loopflow' in project 'LoopflowSwift' (no dependencies)

GatherProvisioningInputs

CreateBuildDescription

ExecuteExternalTool /Applications/Xcode.app/Contents/Developer/Toolchains/XcodeDefault.xctoolchain/usr/bin/clang -v -E -dM -isysroot /Applications/Xcode.app/Contents/Developer/Platforms/MacOSX.platform/Developer/SDKs/MacOSX26.2.sdk -x c -c /dev/null

ExecuteExternalTool /Applications/Xcode.app/Contents/Developer/Toolchains/XcodeDefault.xctoolchain/usr/bin/swiftc --version

ExecuteExternalTool /Applications/Xcode.app/Contents/Developer/Toolchains/XcodeDefault.xctoolchain/usr/bin/clang -v -E -dM -arch arm64 -isysroot /Applications/Xcode.app/Contents/Developer/Platforms/MacOSX.platform/Developer/SDKs/MacOSX26.2.sdk -x c -c /dev/null

ExecuteExternalTool /Applications/Xcode.app/Contents/Developer/Toolchains/XcodeDefault.xctoolchain/usr/bin/ld -version_details

Build description signature: b951760087a266d00123f4f1ce7ac5a3
Build description path: /Users/jack/src/loopflow.verify-the-required-ui-host/swift/.build/xcode-derived-data/Build/Intermediates.noindex/XCBuildData/b951760087a266d00123f4f1ce7ac5a3.xcbuilddata
ClangStatCache /Applications/Xcode.app/Contents/Developer/Toolchains/XcodeDefault.xctoolchain/usr/bin/clang-stat-cache /Applications/Xcode.app/Contents/Developer/Platforms/MacOSX.platform/Developer/SDKs/MacOSX26.2.sdk /Users/jack/src/loopflow.verify-the-required-ui-host/swift/.build/xcode-derived-data/SDKStatCaches.noindex/macosx26.2-25C57-00fa09913b459cbbc988d1f6730289ae.sdkstatcache
    cd /Users/jack/src/loopflow.verify-the-required-ui-host/swift/LoopflowSwift.xcodeproj
    /Applications/Xcode.app/Contents/Developer/Toolchains/XcodeDefault.xctoolchain/usr/bin/clang-stat-cache /Applications/Xcode.app/Contents/Developer/Platforms/MacOSX.platform/Developer/SDKs/MacOSX26.2.sdk -o /Users/jack/src/loopflow.verify-the-required-ui-host/swift/.build/xcode-derived-data/SDKStatCaches.noindex/macosx26.2-25C57-00fa09913b459cbbc988d1f6730289ae.sdkstatcache

ProcessProductPackaging /Users/jack/src/loopflow.verify-the-required-ui-host/swift/LoopflowMac/Loopflow.entitlements /Users/jack/src/loopflow.verify-the-required-ui-host/swift/.build/xcode-derived-data/Build/Intermediates.noindex/LoopflowSwift.build/Debug/LoopflowMac.build/Loopflow.app.xcent (in target 'LoopflowMac' from project 'LoopflowSwift')
    cd /Users/jack/src/loopflow.verify-the-required-ui-host/swift
    
    Entitlements:
    
    {
    "com.apple.security.get-task-allow" = 1;
}
    
    builtin-productPackagingUtility /Users/jack/src/loopflow.verify-the-required-ui-host/swift/LoopflowMac/Loopflow.entitlements -entitlements -format xml -o /Users/jack/src/loopflow.verify-the-required-ui-host/swift/.build/xcode-derived-data/Build/Intermediates.noindex/LoopflowSwift.build/Debug/LoopflowMac.build/Loopflow.app.xcent

ProcessProductPackagingDER /Users/jack/src/loopflow.verify-the-required-ui-host/swift/.build/xcode-derived-data/Build/Intermediates.noindex/LoopflowSwift.build/Debug/LoopflowMac.build/Loopflow.app.xcent /Users/jack/src/loopflow.verify-the-required-ui-host/swift/.build/xcode-derived-data/Build/Intermediates.noindex/LoopflowSwift.build/Debug/LoopflowMac.build/Loopflow.app.xcent.der (in target 'LoopflowMac' from project 'LoopflowSwift')
    cd /Users/jack/src/loopflow.verify-the-required-ui-host/swift
    /usr/bin/derq query -f xml -i /Users/jack/src/loopflow.verify-the-required-ui-host/swift/.build/xcode-derived-data/Build/Intermediates.noindex/LoopflowSwift.build/Debug/LoopflowMac.build/Loopflow.app.xcent -o /Users/jack/src/loopflow.verify-the-required-ui-host/swift/.build/xcode-derived-data/Build/Intermediates.noindex/LoopflowSwift.build/Debug/LoopflowMac.build/Loopflow.app.xcent.der --raw

ProcessInfoPlistFile /Users/jack/src/loopflow.verify-the-required-ui-host/swift/.build/xcode-derived-data/Build/Products/Debug/Loopflow.framework/Versions/A/Resources/Info.plist /Users/jack/src/loopflow.verify-the-required-ui-host/swift/Loopflow/Info.plist (in target 'Loopflow' from project 'LoopflowSwift')
    cd /Users/jack/src/loopflow.verify-the-required-ui-host/swift
    builtin-infoPlistUtility /Users/jack/src/loopflow.verify-the-required-ui-host/swift/Loopflow/Info.plist -producttype com.apple.product-type.framework -expandbuildsettings -platform macosx -o /Users/jack/src/loopflow.verify-the-required-ui-host/swift/.build/xcode-derived-data/Build/Products/Debug/Loopflow.framework/Versions/A/Resources/Info.plist

Copy /Users/jack/src/loopflow.verify-the-required-ui-host/swift/.build/xcode-derived-data/Build/Products/Debug/Loopflow.app/Contents/Frameworks/Loopflow.framework /Users/jack/src/loopflow.verify-the-required-ui-host/swift/.build/xcode-derived-data/Build/Products/Debug/Loopflow.framework (in target 'LoopflowMac' from project 'LoopflowSwift')
    cd /Users/jack/src/loopflow.verify-the-required-ui-host/swift
    builtin-copy -exclude .DS_Store -exclude CVS -exclude .svn -exclude .git -exclude .hg -exclude Headers -exclude PrivateHeaders -exclude Modules -exclude \*.tbd -resolve-src-symlinks -remove-static-executable /Users/jack/src/loopflow.verify-the-required-ui-host/swift/.build/xcode-derived-data/Build/Products/Debug/Loopflow.framework /Users/jack/src/loopflow.verify-the-required-ui-host/swift/.build/xcode-derived-data/Build/Products/Debug/Loopflow.app/Contents/Frameworks

CodeSign /Users/jack/src/loopflow.verify-the-required-ui-host/swift/.build/xcode-derived-data/Build/Products/Debug/Loopflow.app/Contents/Frameworks/Loopflow.framework/Versions/A (in target 'LoopflowMac' from project 'LoopflowSwift')
    cd /Users/jack/src/loopflow.verify-the-required-ui-host/swift
    
    Signing Identity:     "Sign to Run Locally"
    
    /usr/bin/codesign --force --sign - --timestamp\=none --preserve-metadata\=identifier,entitlements,flags --generate-entitlement-der /Users/jack/src/loopflow.verify-the-required-ui-host/swift/.build/xcode-derived-data/Build/Products/Debug/Loopflow.app/Contents/Frameworks/Loopflow.framework/Versions/A
/Users/jack/src/loopflow.verify-the-required-ui-host/swift/.build/xcode-derived-data/Build/Products/Debug/Loopflow.app/Contents/Frameworks/Loopflow.framework/Versions/A: replacing existing signature

CopySwiftLibs /Users/jack/src/loopflow.verify-the-required-ui-host/swift/.build/xcode-derived-data/Build/Products/Debug/Loopflow.app (in target 'LoopflowMac' from project 'LoopflowSwift')
    cd /Users/jack/src/loopflow.verify-the-required-ui-host/swift
    builtin-swiftStdLibTool --copy --verbose --sign - --scan-executable /Users/jack/src/loopflow.verify-the-required-ui-host/swift/.build/xcode-derived-data/Build/Products/Debug/Loopflow.app/Contents/MacOS/Loopflow.debug.dylib --scan-folder /Users/jack/src/loopflow.verify-the-required-ui-host/swift/.build/xcode-derived-data/Build/Products/Debug/Loopflow.app/Contents/Frameworks --scan-folder /Users/jack/src/loopflow.verify-the-required-ui-host/swift/.build/xcode-derived-data/Build/Products/Debug/Loopflow.app/Contents/PlugIns --scan-folder /Users/jack/src/loopflow.verify-the-required-ui-host/swift/.build/xcode-derived-data/Build/Products/Debug/Loopflow.app/Contents/Library/SystemExtensions --scan-folder /Users/jack/src/loopflow.verify-the-required-ui-host/swift/.build/xcode-derived-data/Build/Products/Debug/Loopflow.app/Contents/Extensions --scan-folder /Users/jack/src/loopflow.verify-the-required-ui-host/swift/.build/xcode-derived-data/Build/Products/Debug/Loopflow.framework --platform macosx --toolchain /Applications/Xcode.app/Contents/Developer/Toolchains/XcodeDefault.xctoolchain --destination /Users/jack/src/loopflow.verify-the-required-ui-host/swift/.build/xcode-derived-data/Build/Products/Debug/Loopflow.app/Contents/Frameworks --strip-bitcode --strip-bitcode-tool /Applications/Xcode.app/Contents/Developer/Toolchains/XcodeDefault.xctoolchain/usr/bin/bitcode_strip --emit-dependency-info /Users/jack/src/loopflow.verify-the-required-ui-host/swift/.build/xcode-derived-data/Build/Intermediates.noindex/LoopflowSwift.build/Debug/LoopflowMac.build/SwiftStdLibToolInputDependencies.dep --filter-for-swift-os --back-deploy-swift-span

ProcessInfoPlistFile /Users/jack/src/loopflow.verify-the-required-ui-host/swift/.build/xcode-derived-data/Build/Products/Debug/Loopflow.app/Contents/Info.plist /Users/jack/src/loopflow.verify-the-required-ui-host/swift/LoopflowMac/Info.plist (in target 'LoopflowMac' from project 'LoopflowSwift')
    cd /Users/jack/src/loopflow.verify-the-required-ui-host/swift
    builtin-infoPlistUtility /Users/jack/src/loopflow.verify-the-required-ui-host/swift/LoopflowMac/Info.plist -producttype com.apple.product-type.application -genpkginfo /Users/jack/src/loopflow.verify-the-required-ui-host/swift/.build/xcode-derived-data/Build/Products/Debug/Loopflow.app/Contents/PkgInfo -expandbuildsettings -platform macosx -scanforprivacyfile /Users/jack/src/loopflow.verify-the-required-ui-host/swift/.build/xcode-derived-data/Build/Products/Debug/Loopflow.app/Contents/Frameworks/Loopflow.framework -o /Users/jack/src/loopflow.verify-the-required-ui-host/swift/.build/xcode-derived-data/Build/Products/Debug/Loopflow.app/Contents/Info.plist

ProcessProductPackaging "" /Users/jack/src/loopflow.verify-the-required-ui-host/swift/.build/xcode-derived-data/Build/Intermediates.noindex/LoopflowSwift.build/Debug/LoopflowUITests.build/LoopflowUITests.xctest.xcent (in target 'LoopflowUITests' from project 'LoopflowSwift')
    cd /Users/jack/src/loopflow.verify-the-required-ui-host/swift
    
    Entitlements:
    
    {
    "com.apple.application-identifier" = "com.loopflow.LoopflowUITests.xctrunner";
    "com.apple.security.app-sandbox" = 1;
    "com.apple.security.get-task-allow" = 1;
    "com.apple.security.network.client" = 1;
    "com.apple.security.temporary-exception.files.absolute-path.read-only" =     (
        "/"
    );
    "com.apple.security.temporary-exception.mach-lookup.global-name" =     (
        "com.apple.testmanagerd",
        "com.apple.dt.testmanagerd.runner",
        "com.apple.coresymbolicationd",
        "com.apple.coredevice.version",
        "com.apple.coredevice.service",
        "com.apple.remoted"
    );
    "com.apple.security.temporary-exception.mach-lookup.local-name" =     (
        "com.apple.axserver"
    );
    "com.apple.security.temporary-exception.sbpl" =     (
        "(allow hid-control)",
        "(allow signal)"
    );
}
    
    builtin-productPackagingUtility -entitlements -format xml -o /Users/jack/src/loopflow.verify-the-required-ui-host/swift/.build/xcode-derived-data/Build/Intermediates.noindex/LoopflowSwift.build/Debug/LoopflowUITests.build/LoopflowUITests.xctest.xcent

ProcessProductPackagingDER /Users/jack/src/loopflow.verify-the-required-ui-host/swift/.build/xcode-derived-data/Build/Intermediates.noindex/LoopflowSwift.build/Debug/LoopflowUITests.build/LoopflowUITests.xctest.xcent /Users/jack/src/loopflow.verify-the-required-ui-host/swift/.build/xcode-derived-data/Build/Intermediates.noindex/LoopflowSwift.build/Debug/LoopflowUITests.build/LoopflowUITests.xctest.xcent.der (in target 'LoopflowUITests' from project 'LoopflowSwift')
    cd /Users/jack/src/loopflow.verify-the-required-ui-host/swift
    /usr/bin/derq query -f xml -i /Users/jack/src/loopflow.verify-the-required-ui-host/swift/.build/xcode-derived-data/Build/Intermediates.noindex/LoopflowSwift.build/Debug/LoopflowUITests.build/LoopflowUITests.xctest.xcent -o /Users/jack/src/loopflow.verify-the-required-ui-host/swift/.build/xcode-derived-data/Build/Intermediates.noindex/LoopflowSwift.build/Debug/LoopflowUITests.build/LoopflowUITests.xctest.xcent.der --raw

ProcessInfoPlistFile /Users/jack/src/loopflow.verify-the-required-ui-host/swift/.build/xcode-derived-data/Build/Products/Debug/Loopflow.app/Contents/PlugIns/LoopflowTests.xctest/Contents/Info.plist /Users/jack/src/loopflow.verify-the-required-ui-host/swift/.build/xcode-derived-data/Build/Intermediates.noindex/LoopflowSwift.build/Debug/LoopflowTests.build/empty-LoopflowTests.plist (in target 'LoopflowTests' from project 'LoopflowSwift')
    cd /Users/jack/src/loopflow.verify-the-required-ui-host/swift
    builtin-infoPlistUtility /Users/jack/src/loopflow.verify-the-required-ui-host/swift/.build/xcode-derived-data/Build/Intermediates.noindex/LoopflowSwift.build/Debug/LoopflowTests.build/empty-LoopflowTests.plist -producttype com.apple.product-type.bundle.unit-test -expandbuildsettings -platform macosx -o /Users/jack/src/loopflow.verify-the-required-ui-host/swift/.build/xcode-derived-data/Build/Products/Debug/Loopflow.app/Contents/PlugIns/LoopflowTests.xctest/Contents/Info.plist

CodeSign /Users/jack/src/loopflow.verify-the-required-ui-host/swift/.build/xcode-derived-data/Build/Products/Debug/Loopflow.app/Contents/MacOS/Loopflow.debug.dylib (in target 'LoopflowMac' from project 'LoopflowSwift')
    cd /Users/jack/src/loopflow.verify-the-required-ui-host/swift
    
    Signing Identity:     "Sign to Run Locally"
    
    /usr/bin/codesign --force --sign - --timestamp\=none --generate-entitlement-der /Users/jack/src/loopflow.verify-the-required-ui-host/swift/.build/xcode-derived-data/Build/Products/Debug/Loopflow.app/Contents/MacOS/Loopflow.debug.dylib
/Users/jack/src/loopflow.verify-the-required-ui-host/swift/.build/xcode-derived-data/Build/Products/Debug/Loopflow.app/Contents/MacOS/Loopflow.debug.dylib: replacing existing signature

CodeSign /Users/jack/src/loopflow.verify-the-required-ui-host/swift/.build/xcode-derived-data/Build/Products/Debug/Loopflow.app/Contents/MacOS/__preview.dylib (in target 'LoopflowMac' from project 'LoopflowSwift')
    cd /Users/jack/src/loopflow.verify-the-required-ui-host/swift
    
    Signing Identity:     "Sign to Run Locally"
    
    /usr/bin/codesign --force --sign - --timestamp\=none --generate-entitlement-der /Users/jack/src/loopflow.verify-the-required-ui-host/swift/.build/xcode-derived-data/Build/Products/Debug/Loopflow.app/Contents/MacOS/__preview.dylib
/Users/jack/src/loopflow.verify-the-required-ui-host/swift/.build/xcode-derived-data/Build/Products/Debug/Loopflow.app/Contents/MacOS/__preview.dylib: replacing existing signature

CodeSign /Users/jack/src/loopflow.verify-the-required-ui-host/swift/.build/xcode-derived-data/Build/Products/Debug/Loopflow.app (in target 'LoopflowMac' from project 'LoopflowSwift')
    cd /Users/jack/src/loopflow.verify-the-required-ui-host/swift
    
    Signing Identity:     "Sign to Run Locally"
    
    /usr/bin/codesign --force --sign - --entitlements /Users/jack/src/loopflow.verify-the-required-ui-host/swift/.build/xcode-derived-data/Build/Intermediates.noindex/LoopflowSwift.build/Debug/LoopflowMac.build/Loopflow.app.xcent --timestamp\=none --generate-entitlement-der /Users/jack/src/loopflow.verify-the-required-ui-host/swift/.build/xcode-derived-data/Build/Products/Debug/Loopflow.app
/Users/jack/src/loopflow.verify-the-required-ui-host/swift/.build/xcode-derived-data/Build/Products/Debug/Loopflow.app: replacing existing signature

Validate /Users/jack/src/loopflow.verify-the-required-ui-host/swift/.build/xcode-derived-data/Build/Products/Debug/Loopflow.app (in target 'LoopflowMac' from project 'LoopflowSwift')
    cd /Users/jack/src/loopflow.verify-the-required-ui-host/swift
    builtin-validationUtility /Users/jack/src/loopflow.verify-the-required-ui-host/swift/.build/xcode-derived-data/Build/Products/Debug/Loopflow.app -no-validate-extension -infoplist-subpath Contents/Info.plist

RegisterWithLaunchServices /Users/jack/src/loopflow.verify-the-required-ui-host/swift/.build/xcode-derived-data/Build/Products/Debug/Loopflow.app (in target 'LoopflowMac' from project 'LoopflowSwift')
    cd /Users/jack/src/loopflow.verify-the-required-ui-host/swift
    /System/Library/Frameworks/CoreServices.framework/Versions/Current/Frameworks/LaunchServices.framework/Versions/Current/Support/lsregister -f -R -trusted /Users/jack/src/loopflow.verify-the-required-ui-host/swift/.build/xcode-derived-data/Build/Products/Debug/Loopflow.app

ProcessInfoPlistFile /Users/jack/src/loopflow.verify-the-required-ui-host/swift/.build/xcode-derived-data/Build/Products/Debug/LoopflowUITests-Runner.app/Contents/PlugIns/LoopflowUITests.xctest/Contents/Info.plist /Users/jack/src/loopflow.verify-the-required-ui-host/swift/.build/xcode-derived-data/Build/Intermediates.noindex/LoopflowSwift.build/Debug/LoopflowUITests.build/empty-LoopflowUITests.plist (in target 'LoopflowUITests' from project 'LoopflowSwift')
    cd /Users/jack/src/loopflow.verify-the-required-ui-host/swift
    builtin-infoPlistUtility /Users/jack/src/loopflow.verify-the-required-ui-host/swift/.build/xcode-derived-data/Build/Intermediates.noindex/LoopflowSwift.build/Debug/LoopflowUITests.build/empty-LoopflowUITests.plist -producttype com.apple.product-type.bundle.ui-testing -expandbuildsettings -platform macosx -additionalcontentfile /Users/jack/src/loopflow.verify-the-required-ui-host/swift/.build/xcode-derived-data/Build/Intermediates.noindex/LoopflowSwift.build/Debug/LoopflowUITests.build/ProductTypeInfoPlistAdditions.plist -o /Users/jack/src/loopflow.verify-the-required-ui-host/swift/.build/xcode-derived-data/Build/Products/Debug/LoopflowUITests-Runner.app/Contents/PlugIns/LoopflowUITests.xctest/Contents/Info.plist

CopySwiftLibs /Users/jack/src/loopflow.verify-the-required-ui-host/swift/.build/xcode-derived-data/Build/Products/Debug/LoopflowUITests-Runner.app/Contents/PlugIns/LoopflowUITests.xctest (in target 'LoopflowUITests' from project 'LoopflowSwift')
    cd /Users/jack/src/loopflow.verify-the-required-ui-host/swift
    builtin-swiftStdLibTool --copy --verbose --sign - --scan-executable /Users/jack/src/loopflow.verify-the-required-ui-host/swift/.build/xcode-derived-data/Build/Products/Debug/LoopflowUITests-Runner.app/Contents/PlugIns/LoopflowUITests.xctest/Contents/MacOS/LoopflowUITests --scan-folder /Users/jack/src/loopflow.verify-the-required-ui-host/swift/.build/xcode-derived-data/Build/Products/Debug/LoopflowUITests-Runner.app/Contents/PlugIns/LoopflowUITests.xctest/Contents/Frameworks --scan-folder /Users/jack/src/loopflow.verify-the-required-ui-host/swift/.build/xcode-derived-data/Build/Products/Debug/LoopflowUITests-Runner.app/Contents/PlugIns/LoopflowUITests.xctest/Contents/PlugIns --scan-folder /Users/jack/src/loopflow.verify-the-required-ui-host/swift/.build/xcode-derived-data/Build/Products/Debug/LoopflowUITests-Runner.app/Contents/PlugIns/LoopflowUITests.xctest/Contents/Library/SystemExtensions --scan-folder /Users/jack/src/loopflow.verify-the-required-ui-host/swift/.build/xcode-derived-data/Build/Products/Debug/LoopflowUITests-Runner.app/Contents/PlugIns/LoopflowUITests.xctest/Contents/Extensions --platform macosx --toolchain /Applications/Xcode.app/Contents/Developer/Toolchains/XcodeDefault.xctoolchain --destination /Users/jack/src/loopflow.verify-the-required-ui-host/swift/.build/xcode-derived-data/Build/Products/Debug/LoopflowUITests-Runner.app/Contents/PlugIns/LoopflowUITests.xctest/Contents/Frameworks --strip-bitcode --scan-executable /Applications/Xcode.app/Contents/Developer/Platforms/MacOSX.platform/Developer/usr/lib/libXCTestSwiftSupport.dylib --strip-bitcode-tool /Applications/Xcode.app/Contents/Developer/Toolchains/XcodeDefault.xctoolchain/usr/bin/bitcode_strip --emit-dependency-info /Users/jack/src/loopflow.verify-the-required-ui-host/swift/.build/xcode-derived-data/Build/Intermediates.noindex/LoopflowSwift.build/Debug/LoopflowUITests.build/SwiftStdLibToolInputDependencies.dep --filter-for-swift-os --back-deploy-swift-span

CodeSign /Users/jack/src/loopflow.verify-the-required-ui-host/swift/.build/xcode-derived-data/Build/Products/Debug/LoopflowUITests-Runner.app/Contents/PlugIns/LoopflowUITests.xctest (in target 'LoopflowUITests' from project 'LoopflowSwift')
    cd /Users/jack/src/loopflow.verify-the-required-ui-host/swift
    
    Signing Identity:     "Sign to Run Locally"
    
    /usr/bin/codesign --force --sign - --entitlements /Users/jack/src/loopflow.verify-the-required-ui-host/swift/.build/xcode-derived-data/Build/Intermediates.noindex/LoopflowSwift.build/Debug/LoopflowUITests.build/LoopflowUITests.xctest.xcent --timestamp\=none --generate-entitlement-der /Users/jack/src/loopflow.verify-the-required-ui-host/swift/.build/xcode-derived-data/Build/Products/Debug/LoopflowUITests-Runner.app/Contents/PlugIns/LoopflowUITests.xctest
/Users/jack/src/loopflow.verify-the-required-ui-host/swift/.build/xcode-derived-data/Build/Products/Debug/LoopflowUITests-Runner.app/Contents/PlugIns/LoopflowUITests.xctest: replacing existing signature

CodeSign /Users/jack/src/loopflow.verify-the-required-ui-host/swift/.build/xcode-derived-data/Build/Products/Debug/LoopflowUITests-Runner.app (in target 'LoopflowUITests' from project 'LoopflowSwift')
    cd /Users/jack/src/loopflow.verify-the-required-ui-host/swift
    
    Signing Identity:     "Sign to Run Locally"
    
    /usr/bin/codesign --force --sign - --entitlements /Users/jack/src/loopflow.verify-the-required-ui-host/swift/.build/xcode-derived-data/Build/Intermediates.noindex/LoopflowSwift.build/Debug/LoopflowUITests.build/LoopflowUITests.xctest.xcent --timestamp\=none --generate-entitlement-der /Users/jack/src/loopflow.verify-the-required-ui-host/swift/.build/xcode-derived-data/Build/Products/Debug/LoopflowUITests-Runner.app
/Users/jack/src/loopflow.verify-the-required-ui-host/swift/.build/xcode-derived-data/Build/Products/Debug/LoopflowUITests-Runner.app: replacing existing signature

2026-07-15 01:10:18.964355-0700 LoopflowUITests-Runner[37114:160785733] [Default] Running tests...


*** If you believe this error represents a bug, please attach the result bundle at /Users/jack/src/loopflow.verify-the-required-ui-host/.lf/tmp/gate/run-3475/ui-host/ui-host.xcresult

2026-07-15 01:19:55.020 xcodebuild[4539:161121794]  IDETestOperationsObserverDebug: Failure collecting logarchive: Error Domain=com.apple.dt.xctest.error Code=8 "Timed out after 120.0s while initiating control session with daemon." UserInfo={NSLocalizedDescription=Timed out after 120.0s while initiating control session with daemon.}
2026-07-15 01:19:55.030 xcodebuild[4539:160712615] [MT] IDETestOperationsObserverDebug: 710.390 elapsed -- Testing started completed.
2026-07-15 01:19:55.030 xcodebuild[4539:160712615] [MT] IDETestOperationsObserverDebug: 0.000 sec, +0.000 sec -- start
2026-07-15 01:19:55.030 xcodebuild[4539:160712615] [MT] IDETestOperationsObserverDebug: 710.390 sec, +710.390 sec -- end

Test session results, code coverage, and logs:
	/Users/jack/src/loopflow.verify-the-required-ui-host/.lf/tmp/gate/run-3475/ui-host/ui-host.xcresult

Testing failed:
	LoopflowUITests-Runner (37114) encountered an error (The test runner hung before establishing connection.)

** TEST FAILED **

Testing started

[ui-host] FAILED (ui-host, exit 65). Log: /Users/jack/src/loopflow.verify-the-required-ui-host/.lf/tmp/gate/run-3475/ui-host/ui-host.log

========================================================================
 SUMMARY
========================================================================
  PASS  python    5s / 600s budget
  ----  rust      skipped (no rust/ or Cargo.toml/lock changes)
  ----  website   skipped (no website/ or docs/ changes)
  ----  swift     skipped (no swift/ changes)
  ----  e2e       skipped (no store, worktrees, or tests/e2e/ changes)
  ----  loopflow  skipped (no Loopflow app/UI (swift/Loopflow, project.yml) changes)
  FAIL  ui-host   714s / 1380s budget

[ui-host] FAILED (ui-host, exit 65). Log: /Users/jack/src/loopflow.verify-the-required-ui-host/.lf/tmp/gate/run-3475/ui-host/ui-host.log

Result: FAIL (1 passed, 1 failed: ui-host) in 719s / 1980s budget
