Gate budget: 1980s across 2 suites (python, ui-host)
Artifacts on failure: /Users/jack/src/loopflow.verify-the-required-ui-host/.lf/tmp/gate/run-82716

========================================================================
 SUITE: python  (matched (changed paths))  [budget 600s]
========================================================================

$ uv run pytest python/tests/test_gate_bounded.py  (budget 600s)
============================= test session starts ==============================
platform darwin -- Python 3.14.2, pytest-9.0.2, pluggy-1.6.0
rootdir: /Users/jack/src/loopflow.verify-the-required-ui-host
configfile: pyproject.toml
collected 12 items

python/tests/test_gate_bounded.py ............                           [100%]

============================== 12 passed in 5.05s ==============================

========================================================================
 SUITE: ui-host  (forced (--ui-host))  [budget 1380s]
 proves: hosted LoopflowUITests actually EXECUTE on a permissioned host.
========================================================================

$ cd swift && xcodegen generate  (budget 180s)
⚙️  Generating plists...
⚙️  Generating project...
⚙️  Writing project...
Created project at /Users/jack/src/loopflow.verify-the-required-ui-host/swift/LoopflowSwift.xcodeproj

$ cd swift && xcodebuild test -project LoopflowSwift.xcodeproj -scheme LoopflowMac -destination platform=macOS -derivedDataPath .build/xcode-derived-data -disableAutomaticPackageResolution -only-testing:LoopflowUITests -resultBundlePath /Users/jack/src/loopflow.verify-the-required-ui-host/.lf/tmp/gate/run-82716/ui-host/ui-host.xcresult CODE_SIGNING_ALLOWED=YES CODE_SIGNING_REQUIRED=YES CODE_SIGN_STYLE=Manual CODE_SIGN_IDENTITY=- DEVELOPMENT_TEAM=  (budget 1200s)
Command line invocation:
    /Applications/Xcode.app/Contents/Developer/usr/bin/xcodebuild test -project LoopflowSwift.xcodeproj -scheme LoopflowMac -destination platform=macOS -derivedDataPath .build/xcode-derived-data -disableAutomaticPackageResolution "-only-testing:LoopflowUITests" -resultBundlePath /Users/jack/src/loopflow.verify-the-required-ui-host/.lf/tmp/gate/run-82716/ui-host/ui-host.xcresult CODE_SIGNING_ALLOWED=YES CODE_SIGNING_REQUIRED=YES CODE_SIGN_STYLE=Manual CODE_SIGN_IDENTITY=- DEVELOPMENT_TEAM=

Build settings from command line:
    CODE_SIGN_IDENTITY = -
    CODE_SIGN_STYLE = Manual
    CODE_SIGNING_ALLOWED = YES
    CODE_SIGNING_REQUIRED = YES
    DEVELOPMENT_TEAM = 

Resolve Package Graph


Resolved source packages:
  ViewInspector: https://github.com/nalexn/ViewInspector.git @ 0.10.3

2026-07-15 01:20:01.846 xcodebuild[84446:161125646] [MT] IDERunDestination: Supported platforms for the buildables in the current scheme is empty.
Writing result bundle at path:
	/Users/jack/src/loopflow.verify-the-required-ui-host/.lf/tmp/gate/run-82716/ui-host/ui-host.xcresult

--- xcodebuild: WARNING: Using the first of multiple matching destinations:
{ platform:macOS, arch:arm64, id:00006041-000031E11A8A801C, name:My Mac }
{ platform:macOS, arch:x86_64, id:00006041-000031E11A8A801C, name:My Mac }
note: Using codesigning identity override: -
ComputePackagePrebuildTargetDependencyGraph

Prepare packages

CreateBuildRequest

SendProjectDescription

CreateBuildOperation

ComputeTargetDependencyGraph
note: Building targets in dependency order
note: Target dependency graph (6 targets)
    Target 'LoopflowTests' in project 'LoopflowSwift'
        ➜ Explicit dependency on target 'LoopflowMac' in project 'LoopflowSwift'
        ➜ Explicit dependency on target 'ViewInspector' in project 'ViewInspector'
    Target 'ViewInspector' in project 'ViewInspector'
        ➜ Explicit dependency on target 'ViewInspector' in project 'ViewInspector'
    Target 'ViewInspector' in project 'ViewInspector' (no dependencies)
    Target 'LoopflowUITests' in project 'LoopflowSwift'
        ➜ Explicit dependency on target 'LoopflowMac' in project 'LoopflowSwift'
    Target 'LoopflowMac' in project 'LoopflowSwift'
        ➜ Explicit dependency on target 'Loopflow' in project 'LoopflowSwift'
    Target 'Loopflow' in project 'LoopflowSwift' (no dependencies)

GatherProvisioningInputs

CreateBuildDescription

ClangStatCache /Applications/Xcode.app/Contents/Developer/Toolchains/XcodeDefault.xctoolchain/usr/bin/clang-stat-cache /Applications/Xcode.app/Contents/Developer/Platforms/MacOSX.platform/Developer/SDKs/MacOSX26.2.sdk /Users/jack/src/loopflow.verify-the-required-ui-host/swift/.build/xcode-derived-data/SDKStatCaches.noindex/macosx26.2-25C57-00fa09913b459cbbc988d1f6730289ae.sdkstatcache
    cd /Users/jack/src/loopflow.verify-the-required-ui-host/swift/LoopflowSwift.xcodeproj
    /Applications/Xcode.app/Contents/Developer/Toolchains/XcodeDefault.xctoolchain/usr/bin/clang-stat-cache /Applications/Xcode.app/Contents/Developer/Platforms/MacOSX.platform/Developer/SDKs/MacOSX26.2.sdk -o /Users/jack/src/loopflow.verify-the-required-ui-host/swift/.build/xcode-derived-data/SDKStatCaches.noindex/macosx26.2-25C57-00fa09913b459cbbc988d1f6730289ae.sdkstatcache

2026-07-15 01:22:13.424464-0700 LoopflowUITests-Runner[22951:161213029] [Default] Running tests...
