[0/1] Planning build
Building for debugging...
[0/5] Write sources
[1/5] Write swift-version--58304C5D6DBC2206.txt
[3/5] Emitting module LoopflowTests
[4/5] Compiling LoopflowTests WorkspaceNavigationProofTests.swift
[4/6] Write Objects.LinkFileList
[5/6] Linking LoopflowSwiftPackageTests
Build complete! (3.15s)
Test Suite 'Selected tests' started at 2026-09-23 19:55:47.317.
Test Suite 'LoopflowSwiftPackageTests.xctest' started at 2026-09-23 19:55:47.372.
Test Suite 'LoopflowSwiftPackageTests.xctest' passed at 2026-09-23 19:55:47.372.
	 Executed 0 tests, with 0 failures (0 unexpected) in 0.000 (0.000) seconds
Test Suite 'Selected tests' passed at 2026-09-23 19:55:47.372.
	 Executed 0 tests, with 0 failures (0 unexpected) in 0.000 (0.055) seconds
◇ Test run started.
↳ Testing Library Version: 1501
↳ Target Platform: arm64e-apple-macos14.0
◇ Suite "Unified workspace navigation proof" started.
◇ Test "Shell-attached Sessions can complete without closing their terminal" started.
◇ Test case passing 1 argument rejected → false to "Shell-attached Sessions can complete without closing their terminal" started.
✘ Test "Shell-attached Sessions can complete without closing their terminal" recorded an issue with 1 argument rejected → false at WorkspaceNavigationProofTests.swift:104:6: Caught error: Search did not find a match. Possible blockers: SessionsShortcutMonitor, AccessibilityImageLabel, AccessibilityImageLabel, AccessibilityImageLabel, AccessibilityImageLabel, AccessibilityImageLabel, AccessibilityImageLabel, AccessibilityImageLabel, AccessibilityImageLabel, AccessibilityImageLabel, AccessibilityImageLabel, AccessibilityImageLabel, AccessibilityImageLabel, AccessibilityImageLabel, GhosttyTerminalRepresentable, AccessibilityImageLabel, AccessibilityImageLabel, AccessibilityImageLabel, AccessibilityImageLabel
◇ Test case passing 1 argument rejected → true to "Shell-attached Sessions can complete without closing their terminal" started.
✘ Test "Shell-attached Sessions can complete without closing their terminal" recorded an issue with 1 argument rejected → true at WorkspaceNavigationProofTests.swift:104:6: Caught error: Search did not find a match. Possible blockers: SessionsShortcutMonitor, AccessibilityImageLabel, AccessibilityImageLabel, AccessibilityImageLabel, AccessibilityImageLabel, AccessibilityImageLabel, AccessibilityImageLabel, AccessibilityImageLabel, AccessibilityImageLabel, AccessibilityImageLabel, AccessibilityImageLabel, AccessibilityImageLabel, AccessibilityImageLabel, AccessibilityImageLabel, GhosttyTerminalRepresentable, AccessibilityImageLabel, AccessibilityImageLabel, AccessibilityImageLabel, AccessibilityImageLabel
✘ Test "Shell-attached Sessions can complete without closing their terminal" with 2 test cases failed after 0.571 seconds with 2 issues.
✘ Suite "Unified workspace navigation proof" failed after 0.571 seconds with 2 issues.
✘ Test run with 1 test in 1 suite failed after 0.571 seconds with 2 issues.
